// Jest Snapshot v1, https://goo.gl/fbAQLP

exports[`<PageOverview /> should render a table 1`] = `
.c4 {
  display: -webkit-box;
  display: -webkit-flex;
  display: -ms-flexbox;
  display: flex;
  margin: 0 6px;
  -webkit-box-flex: 1;
  -webkit-flex-grow: 1;
  -ms-flex-positive: 1;
  flex-grow: 1;
  -webkit-box-pack: center;
  -webkit-justify-content: center;
  -ms-flex-pack: center;
  justify-content: center;
  padding: 1em 0;
  width: 100%;
  background: #ffa35c;
  font-size: 0.6em;
  border: none;
  border-radius: 3px;
  outline: none;
  text-transform: uppercase;
  font-weight: bold;
  display: -webkit-inline-box;
  display: -webkit-inline-flex;
  display: -ms-inline-flexbox;
  display: inline-flex;
  margin: 0;
  padding: 0;
  -webkit-align-items: center;
  -webkit-box-align: center;
  -ms-flex-align: center;
  align-items: center;
  -webkit-box-pack: center;
  -webkit-justify-content: center;
  -ms-flex-pack: center;
  justify-content: center;
  width: 22px;
  height: 22px;
  font-size: 18px;
  line-height: 22px;
  background: #c00;
  border-radius: 100%;
  border: none;
  box-shadow: none;
  color: #fff;
  background: #009918;
}

.sc-fzpkJw .c4 {
  display: -webkit-box;
  display: -webkit-flex;
  display: -ms-flexbox;
  display: flex;
  margin: 0 0.2em;
  -webkit-align-items: center;
  -webkit-box-align: center;
  -ms-flex-align: center;
  align-items: center;
  -webkit-box-pack: center;
  -webkit-justify-content: center;
  -ms-flex-pack: center;
  justify-content: center;
  grid-row: 1;
  grid-column: 4;
}

.sc-fznzOf .c4,
.sc-fznzOf .c4:hover,
.sc-fznzOf .c4:active {
  background: none;
  border: none;
  box-shadow: none;
}

.sc-fznzOf .c4::after {
  display: block;
  margin-left: 16px;
  content: '';
  width: 0;
  height: 0;
  border: solid transparent;
  border-left-color: #111;
  border-width: 6px 8px;
  -webkit-transform-origin: left center;
  -ms-transform-origin: left center;
  transform-origin: left center;
}

.c4:disabled {
  background: none;
}

.sc-fznLxA .c4 {
  margin: 2px 4px;
}

.sc-fzpkqZ .c4,
.sc-fzoydu .c4 {
  margin: 0 5px;
  -webkit-flex: 0 0 auto;
  -ms-flex: 0 0 auto;
  flex: 0 0 auto;
}

.sc-pRTZB .c4 {
  margin: 0 3px;
  top: 0;
  -webkit-flex: 0 0 1.375rem;
  -ms-flex: 0 0 1.375rem;
  flex: 0 0 1.375rem;
}

.sc-fzpkJw > .c4 {
  grid-row: 1;
  grid-column: 3;
}

.sc-pkhIR .c4 {
  width: 16px;
  height: 16px;
  font-size: 16px;
  line-height: 16px;
}

.sc-fznLxA .c4 {
  grid-column: 4;
  margin: 0;
}

.sc-fzpkqZ .c4 {
  grid-column: 4;
}

.c0 {
  margin: 0;
  padding: 0;
  display: -webkit-box;
  display: -webkit-flex;
  display: -ms-flexbox;
  display: flex;
  -webkit-flex-flow: column nowrap;
  -ms-flex-flow: column nowrap;
  flex-flow: column nowrap;
  width: 100%;
  overflow-y: auto;
  -webkit-user-select: none;
  -moz-user-select: none;
  -ms-user-select: none;
  user-select: none;
}

.c8 {
  -webkit-flex: 1 1 auto;
  -ms-flex: 1 1 auto;
  flex: 1 1 auto;
  overflow-y: auto;
}

.c9 {
  display: -webkit-box;
  display: -webkit-flex;
  display: -ms-flexbox;
  display: flex;
  -webkit-flex-flow: row nowrap;
  -ms-flex-flow: row nowrap;
  flex-flow: row nowrap;
  width: 100%;
  color: #333;
  font-style: italic;
}

.c10 {
  display: -webkit-box;
  display: -webkit-flex;
  display: -ms-flexbox;
  display: flex;
  -webkit-flex-flow: row nowrap;
  -ms-flex-flow: row nowrap;
  flex-flow: row nowrap;
  -webkit-box-flex: 1;
  -webkit-flex-grow: 1;
  -ms-flex-positive: 1;
  flex-grow: 1;
  -webkit-flex-basis: 0;
  -ms-flex-preferred-size: 0;
  flex-basis: 0;
  padding: 0.25rem;
  position: relative;
  width: 100%;
  vertical-align: middle;
  text-align: left;
  height: 32px;
  line-height: 24px;
  background: #eaeaea;
}

.c11 {
  display: -webkit-box;
  display: -webkit-flex;
  display: -ms-flexbox;
  display: flex;
  -webkit-flex-flow: row nowrap;
  -ms-flex-flow: row nowrap;
  flex-flow: row nowrap;
  -webkit-box-flex: 1;
  -webkit-flex-grow: 1;
  -ms-flex-positive: 1;
  flex-grow: 1;
  -webkit-flex-basis: 0;
  -ms-flex-preferred-size: 0;
  flex-basis: 0;
  padding: 0.25rem;
  position: relative;
  width: 100%;
  vertical-align: middle;
  text-align: left;
  height: 32px;
  line-height: 24px;
}

.c16 {
  display: -webkit-box;
  display: -webkit-flex;
  display: -ms-flexbox;
  display: flex;
  -webkit-flex-flow: row nowrap;
  -ms-flex-flow: row nowrap;
  flex-flow: row nowrap;
  -webkit-box-flex: 1;
  -webkit-flex-grow: 1;
  -ms-flex-positive: 1;
  flex-grow: 1;
  -webkit-flex-basis: 0;
  -ms-flex-preferred-size: 0;
  flex-basis: 0;
  padding: 0.25rem;
  position: relative;
  width: 100%;
  vertical-align: middle;
  text-align: left;
  height: 32px;
  line-height: 24px;
}

.c17 {
  display: -webkit-box;
  display: -webkit-flex;
  display: -ms-flexbox;
  display: flex;
  -webkit-flex-flow: row nowrap;
  -ms-flex-flow: row nowrap;
  flex-flow: row nowrap;
  -webkit-box-flex: 1;
  -webkit-flex-grow: 1;
  -ms-flex-positive: 1;
  flex-grow: 1;
  -webkit-flex-basis: 0;
  -ms-flex-preferred-size: 0;
  flex-basis: 0;
  padding: 0.25rem;
  position: relative;
  width: 100%;
  vertical-align: middle;
  text-align: left;
  height: 32px;
  line-height: 24px;
}

.c1 {
  display: -webkit-box;
  display: -webkit-flex;
  display: -ms-flexbox;
  display: flex;
  -webkit-flex-flow: row nowrap;
  -ms-flex-flow: row nowrap;
  flex-flow: row nowrap;
  width: 100%;
  -webkit-flex: 0 0 auto;
  -ms-flex: 0 0 auto;
  flex: 0 0 auto;
  font-weight: bold;
}

.c2 {
  display: -webkit-box;
  display: -webkit-flex;
  display: -ms-flexbox;
  display: flex;
  -webkit-flex-flow: row nowrap;
  -ms-flex-flow: row nowrap;
  flex-flow: row nowrap;
  -webkit-box-flex: 1;
  -webkit-flex-grow: 1;
  -ms-flex-positive: 1;
  flex-grow: 1;
  -webkit-flex-basis: 0;
  -ms-flex-preferred-size: 0;
  flex-basis: 0;
  padding: 0.25rem;
  position: relative;
  width: 100%;
  vertical-align: middle;
  text-align: left;
  height: 32px;
  line-height: 24px;
  -webkit-align-items: center;
  -webkit-box-align: center;
  -ms-flex-align: center;
  align-items: center;
  -webkit-box-pack: justify;
  -webkit-justify-content: space-between;
  -ms-flex-pack: justify;
  justify-content: space-between;
  overflow: hidden;
  white-space: nowrap;
  height: 24px;
  text-align: center;
  background: #fffca3;
}

.c2 button {
  -webkit-flex: 0 0 auto;
  -ms-flex: 0 0 auto;
  flex: 0 0 auto;
}

.c5 {
  display: -webkit-box;
  display: -webkit-flex;
  display: -ms-flexbox;
  display: flex;
  -webkit-flex-flow: row nowrap;
  -ms-flex-flow: row nowrap;
  flex-flow: row nowrap;
  -webkit-box-flex: 1;
  -webkit-flex-grow: 1;
  -ms-flex-positive: 1;
  flex-grow: 1;
  -webkit-flex-basis: 0;
  -ms-flex-preferred-size: 0;
  flex-basis: 0;
  padding: 0.25rem;
  position: relative;
  width: 100%;
  vertical-align: middle;
  text-align: left;
  height: 32px;
  line-height: 24px;
  -webkit-align-items: center;
  -webkit-box-align: center;
  -ms-flex-align: center;
  align-items: center;
  -webkit-box-pack: justify;
  -webkit-justify-content: space-between;
  -ms-flex-pack: justify;
  justify-content: space-between;
  overflow: hidden;
  white-space: nowrap;
  height: 24px;
  text-align: center;
  background: #b7ffa3;
}

.c5 button {
  -webkit-flex: 0 0 auto;
  -ms-flex: 0 0 auto;
  flex: 0 0 auto;
}

.c6 {
  display: -webkit-box;
  display: -webkit-flex;
  display: -ms-flexbox;
  display: flex;
  -webkit-flex-flow: row nowrap;
  -ms-flex-flow: row nowrap;
  flex-flow: row nowrap;
  -webkit-box-flex: 1;
  -webkit-flex-grow: 1;
  -ms-flex-positive: 1;
  flex-grow: 1;
  -webkit-flex-basis: 0;
  -ms-flex-preferred-size: 0;
  flex-basis: 0;
  padding: 0.25rem;
  position: relative;
  width: 100%;
  vertical-align: middle;
  text-align: left;
  height: 32px;
  line-height: 24px;
  -webkit-align-items: center;
  -webkit-box-align: center;
  -ms-flex-align: center;
  align-items: center;
  -webkit-box-pack: justify;
  -webkit-justify-content: space-between;
  -ms-flex-pack: justify;
  justify-content: space-between;
  overflow: hidden;
  white-space: nowrap;
  height: 24px;
  text-align: center;
  background: #ffa3a3;
}

.c6 button {
  -webkit-flex: 0 0 auto;
  -ms-flex: 0 0 auto;
  flex: 0 0 auto;
}

.c7 {
  display: -webkit-box;
  display: -webkit-flex;
  display: -ms-flexbox;
  display: flex;
  -webkit-flex-flow: row nowrap;
  -ms-flex-flow: row nowrap;
  flex-flow: row nowrap;
  -webkit-box-flex: 1;
  -webkit-flex-grow: 1;
  -ms-flex-positive: 1;
  flex-grow: 1;
  -webkit-flex-basis: 0;
  -ms-flex-preferred-size: 0;
  flex-basis: 0;
  padding: 0.25rem;
  position: relative;
  width: 100%;
  vertical-align: middle;
  text-align: left;
  height: 32px;
  line-height: 24px;
  -webkit-align-items: center;
  -webkit-box-align: center;
  -ms-flex-align: center;
  align-items: center;
  -webkit-box-pack: justify;
  -webkit-justify-content: space-between;
  -ms-flex-pack: justify;
  justify-content: space-between;
  overflow: hidden;
  white-space: nowrap;
  height: 24px;
  text-align: center;
  background: #fff;
}

.c7 button {
  -webkit-flex: 0 0 auto;
  -ms-flex: 0 0 auto;
  flex: 0 0 auto;
}

.c3 {
  color: black;
}

.c15 {
  display: none;
}

.c12 {
  outline: none;
}

@media only screen and (min-width:350px) {

}

@media only screen and (min-width:1200px) {

}

@media only screen and (min-width:500px) {
  .c4 {
    display: inline-block;
    margin: 0;
    padding: 5px 12px 6px;
    -webkit-box-flex: 0;
    -webkit-flex-grow: 0;
    -ms-flex-positive: 0;
    flex-grow: 0;
    width: auto;
    box-shadow: inset 0px 1px 0px 0px;
    background: linear-gradient(to bottom,#68a54b 5%,#74ad5a 100%);
    background-color: #68a54b;
    border: 1px solid #3b6e22;
    border-radius: 0;
    cursor: pointer;
    color: #fff;
    font-family: Arial;
    font-size: 13px;
    height: 24px;
    position: relative;
    -webkit-text-decoration: none;
    text-decoration: none;
    text-transform: none;
    z-index: 4;
  }

  .c4:hover {
    background-color: #74ad5a;
    background-image: linear-gradient( to bottom, #74ad5a 5%, #68a54b 100% );
  }

  .c4:active {
    top: 1px;
    background: $color-button-active;
  }

  .c4:focus {
    box-shadow: 0 2px 3px rgba(0,0,0,0.2);
  }

  .c4:disabled {
    background: #9c9c9c;
    cursor: default;
    border: 1px solid #666;
  }
}

@media only screen and (min-width:500px) {
  .c4 {
    display: -webkit-inline-box;
    display: -webkit-inline-flex;
    display: -ms-inline-flexbox;
    display: inline-flex;
    margin: 0;
    padding: 0;
    -webkit-align-items: center;
    -webkit-box-align: center;
    -ms-flex-align: center;
    align-items: center;
    -webkit-box-pack: center;
    -webkit-justify-content: center;
    -ms-flex-pack: center;
    justify-content: center;
    width: 22px;
    height: 22px;
    font-size: 18px;
    line-height: 22px;
    background: #c00;
    border-radius: 100%;
    border: none;
    box-shadow: none;
    color: #fff;
  }
}

@media only screen and (min-width:500px) {
  .c4:focus,
  .c4:hover {
    background: #900;
  }

  .c4:focus:active,
  .c4:hover:active {
    background: #600;
  }
}

@media only screen and (min-width:500px) {
  .c4 {
    background: #009918;
  }
}

@media only screen and (min-width:500px) {
  .c4:focus,
  .c4:hover {
    background: #006610;
  }

  .c4:focus:active,
  .c4:hover:active {
    background: #003308;
  }
}

@media only screen and (min-width:500px) {

}

@media only screen and (min-width:500px) {

}

@media only screen and (min-width:1200px) {

}

@media only screen and (min-width:500px) {

}

@media only screen and (min-width:500px) {

}

@media only screen and (min-width:1200px) {

}

@media only screen and (min-width:500px) {
  .c0 {
    cursor: default;
    -webkit-flex: 1 1 0;
    -ms-flex: 1 1 0;
    flex: 1 1 0;
    width: 100%;
    overflow-y: unset;
  }
}

@media only screen and (min-width:1200px) {
  .c0 {
    -webkit-flex: 1 0 700px;
    -ms-flex: 1 0 700px;
    flex: 1 0 700px;
    max-width: 1024px;
    overflow-y: unset;
  }
}

@media only screen and (min-width:500px) {
  .c8 {
    overflow-y: unset;
    overflow: hidden;
  }
}

@media only screen and (min-width:1200px) {
  .c8 {
    overflow: unset;
  }
}

@media only screen and (min-width:500px) {
  .c9 {
    font-size: 16px;
  }
}

@media only screen and (min-width:1200px) {

}

@media only screen and (min-width:350px) {
  .c10 {
    padding: 0.25rem;
    white-space: nowrap;
  }
}

@media only screen and (min-width:500px) {
  .c10 {
    display: -webkit-box;
    display: -webkit-flex;
    display: -ms-flexbox;
    display: flex;
    padding: 0 2px;
    -webkit-box-flex: 10;
    -webkit-flex-grow: 10;
    -ms-flex-positive: 10;
    flex-grow: 10;
    height: 24px;
    height: 16px;
    line-height: 18px;
    font-size: 13px;
  }
}

@media only screen and (min-width:350px) {
  .c11 {
    padding: 0.25rem;
    white-space: nowrap;
  }
}

@media only screen and (min-width:500px) {
  .c11 {
    display: -webkit-box;
    display: -webkit-flex;
    display: -ms-flexbox;
    display: flex;
    padding: 0 2px;
    -webkit-box-flex: 7;
    -webkit-flex-grow: 7;
    -ms-flex-positive: 7;
    flex-grow: 7;
    height: 24px;
    height: 16px;
    line-height: 18px;
    font-size: 13px;
    border-left: 3px solid #222;
  }
}

@media only screen and (min-width:350px) {
  .c16 {
    padding: 0.25rem;
    white-space: nowrap;
  }
}

@media only screen and (min-width:500px) {
  .c16 {
    display: -webkit-box;
    display: -webkit-flex;
    display: -ms-flexbox;
    display: flex;
    padding: 0 2px;
    -webkit-box-flex: 7;
    -webkit-flex-grow: 7;
    -ms-flex-positive: 7;
    flex-grow: 7;
    height: 24px;
    height: 16px;
    line-height: 18px;
    font-size: 13px;
  }
}

@media only screen and (min-width:350px) {
  .c17 {
    padding: 0.25rem;
    white-space: nowrap;
  }
}

@media only screen and (min-width:500px) {
  .c17 {
    display: -webkit-box;
    display: -webkit-flex;
    display: -ms-flexbox;
    display: flex;
    padding: 0 2px;
    -webkit-box-flex: 10;
    -webkit-flex-grow: 10;
    -ms-flex-positive: 10;
    flex-grow: 10;
    height: 24px;
    height: 16px;
    line-height: 18px;
    font-size: 13px;
  }
}

@media only screen and (min-width:500px) {
  .c1 {
    font-size: 16px;
  }
}

@media only screen and (min-width:1200px) {

}

@media only screen and (min-width:350px) {
  .c2 {
    padding: 0.25rem;
    white-space: nowrap;
  }
}

@media only screen and (min-width:500px) {
  .c2 {
    display: -webkit-box;
    display: -webkit-flex;
    display: -ms-flexbox;
    display: flex;
    padding: 0 2px;
    -webkit-box-flex: 10;
    -webkit-flex-grow: 10;
    -ms-flex-positive: 10;
    flex-grow: 10;
    height: 24px;
  }
}

@media only screen and (min-width:500px) {
  .c2 {
    padding: 2px;
  }
}

@media only screen and (min-width:350px) {
  .c5 {
    padding: 0.25rem;
    white-space: nowrap;
  }
}

@media only screen and (min-width:500px) {
  .c5 {
    display: -webkit-box;
    display: -webkit-flex;
    display: -ms-flexbox;
    display: flex;
    padding: 0 2px;
    -webkit-box-flex: 7;
    -webkit-flex-grow: 7;
    -ms-flex-positive: 7;
    flex-grow: 7;
    height: 24px;
    border-left: 3px solid #222;
  }
}

@media only screen and (min-width:500px) {
  .c5 {
    padding: 2px;
  }
}

@media only screen and (min-width:350px) {
  .c6 {
    padding: 0.25rem;
    white-space: nowrap;
  }
}

@media only screen and (min-width:500px) {
  .c6 {
    display: -webkit-box;
    display: -webkit-flex;
    display: -ms-flexbox;
    display: flex;
    padding: 0 2px;
    -webkit-box-flex: 7;
    -webkit-flex-grow: 7;
    -ms-flex-positive: 7;
    flex-grow: 7;
    height: 24px;
  }
}

@media only screen and (min-width:500px) {
  .c6 {
    padding: 2px;
  }
}

@media only screen and (min-width:350px) {
  .c7 {
    padding: 0.25rem;
    white-space: nowrap;
  }
}

@media only screen and (min-width:500px) {
  .c7 {
    display: -webkit-box;
    display: -webkit-flex;
    display: -ms-flexbox;
    display: flex;
    padding: 0 2px;
    -webkit-box-flex: 10;
    -webkit-flex-grow: 10;
    -ms-flex-positive: 10;
    flex-grow: 10;
    height: 24px;
  }
}

@media only screen and (min-width:500px) {
  .c7 {
    padding: 2px;
  }
}

@media only screen and (min-width:500px) {
  .c3 {
    padding: 0 2px;
  }
}

@media only screen and (min-width:500px) {
  .c15 {
    background: rgba(255,255,255,0.8);
    position: absolute;
    left: 0;
    padding: 0 2px;
    top: 0;
  }
}

@media only screen and (min-width:500px) {
  .c12:hover .c13,
  .c12:focus .c13 {
    display: none;
  }

  .c12:hover .c14,
  .c12:focus .c14 {
    display: block;
  }
}

<div
  class="c0"
  data-testid="overview-table"
>
  <div
    class="c1"
  >
    <div
      class="c2"
    >
      <span
        class="c3"
      >
        Month
      </span>
      <button
        class="sc-psCJM sc-qQxXP sc-qYSYK c4"
      >
        +
      </button>
    </div>
    <div
      class="c5"
    >
      <span
        class="c3"
      >
        Income
      </span>
    </div>
    <div
      class="c6"
    >
      <span
        class="c3"
      >
        Out
      </span>
    </div>
    <div
      class="c7"
    >
      <a
        class="c3"
        href="/net-worth"
      >
        Net Worth
      </a>
    </div>
  </div>
  <div
    class="c8"
  >
    <div
      class="c9"
    >
      <div
        class="c10"
      >
        Jan-18
      </div>
      <div
        class="c11"
        style="background-color: rgb(146, 223, 155);"
      >
        <span
          class="c12"
          tabindex="0"
        >
          <span
            class="c13 "
          >
            £20.00
          </span>
          <span
            class="c14 c15"
          >
            £20.00
          </span>
        </span>
      </div>
      <div
        class="c16"
        style="background-color: rgb(209, 99, 99);"
      >
        <span
          class="c12"
          tabindex="0"
        >
          <span
            class="c13 "
          >
            £12.60
          </span>
          <span
            class="c14 c15"
          >
            £12.60
          </span>
        </span>
      </div>
      <div
        class="c17"
        style="background-color: rgb(255, 255, 255);"
      >
        <span
          class="c12"
          tabindex="0"
        >
          <span
            class="c13 "
          >
            £0.00
          </span>
          <span
            class="c14 c15"
          >
            £0.00
          </span>
        </span>
      </div>
    </div>
    <div
      class="c9"
    >
      <div
        class="c10"
      >
        Feb-18
      </div>
      <div
        class="c11"
        style="background-color: rgb(167, 229, 175);"
      >
        <span
          class="c12"
          tabindex="0"
        >
          <span
            class="c13 "
          >
            £19.00
          </span>
          <span
            class="c14 c15"
          >
            £19.00
          </span>
        </span>
      </div>
      <div
        class="c16"
        style="background-color: rgb(191, 36, 36);"
      >
        <span
          class="c12"
          tabindex="0"
        >
          <span
            class="c13 "
          >
            £20.68
          </span>
          <span
            class="c14 c15"
          >
            £20.68
          </span>
        </span>
      </div>
      <div
        class="c17"
        style="background-color: rgb(53, 196, 71);"
      >
        <span
          class="c12"
          tabindex="0"
        >
          <span
            class="c13 "
          >
            £35.5k
          </span>
          <span
            class="c14 c15"
          >
            £35,540.27
          </span>
        </span>
      </div>
    </div>
    <div
      class="c9"
    >
      <div
        class="c10"
      >
        Mar-18
      </div>
      <div
        class="c11"
        style="background-color: rgb(255, 255, 255);"
      >
        <span
          class="c12"
          tabindex="0"
        >
          <span
            class="c13 "
          >
            £15.00
          </span>
          <span
            class="c14 c15"
          >
            £15.00
          </span>
        </span>
      </div>
      <div
        class="c16"
        style="background-color: rgb(223, 146, 146);"
      >
        <span
          class="c12"
          tabindex="0"
        >
          <span
            class="c13 "
          >
            £6.59
          </span>
          <span
            class="c14 c15"
          >
            £6.59
          </span>
        </span>
      </div>
      <div
        class="c17"
        style="background-color: rgb(36, 191, 55);"
      >
        <span
          class="c12"
          tabindex="0"
        >
          <span
            class="c13 "
          >
            £42.2k
          </span>
          <span
            class="c14 c15"
          >
            £42,233.38
          </span>
        </span>
      </div>
    </div>
    <div
      class="c9"
    >
      <div
        class="c10"
      >
        Apr-18
      </div>
      <div
        class="c11"
        style="background-color: rgb(54, 196, 72);"
      >
        <span
          class="c12"
          tabindex="0"
        >
          <span
            class="c13 "
          >
            £25.00
          </span>
          <span
            class="c14 c15"
          >
            £25.00
          </span>
        </span>
      </div>
      <div
        class="c16"
        style="background-color: rgb(221, 140, 140);"
      >
        <span
          class="c12"
          tabindex="0"
        >
          <span
            class="c13 "
          >
            £7.27
          </span>
          <span
            class="c14 c15"
          >
            £7.27
          </span>
        </span>
      </div>
      <div
        class="c17"
        style="background-color: rgb(255, 255, 255);"
      >
        <span
          class="c12"
          tabindex="0"
        >
          <span
            class="c13 "
          >
            £0.00
          </span>
          <span
            class="c14 c15"
          >
            £0.00
          </span>
        </span>
      </div>
    </div>
    <div
      class="c9"
    >
      <div
        class="c10"
      >
        May-18
      </div>
      <div
        class="c11"
        style="background-color: rgb(91, 207, 105);"
      >
        <span
          class="c12"
          tabindex="0"
        >
          <span
            class="c13 "
          >
            £23.00
          </span>
          <span
            class="c14 c15"
          >
            £23.00
          </span>
        </span>
      </div>
      <div
        class="c16"
        style="background-color: rgb(255, 255, 255);"
      >
        <span
          class="c12"
          tabindex="0"
        >
          <span
            class="c13 "
          >
            £0.00
          </span>
          <span
            class="c14 c15"
          >
            £0.00
          </span>
        </span>
      </div>
      <div
        class="c17"
        style="background-color: rgb(255, 255, 255);"
      >
        <span
          class="c12"
          tabindex="0"
        >
          <span
            class="c13 "
          >
            £0.00
          </span>
          <span
            class="c14 c15"
          >
            £0.00
          </span>
        </span>
      </div>
    </div>
    <div
      class="c9"
    >
      <div
        class="c10"
      >
        Jun-18
      </div>
      <div
        class="c11"
        style="background-color: rgb(189, 236, 195);"
      >
        <span
          class="c12"
          tabindex="0"
        >
          <span
            class="c13 "
          >
            £18.00
          </span>
          <span
            class="c14 c15"
          >
            £18.00
          </span>
        </span>
      </div>
      <div
        class="c16"
        style="background-color: rgb(255, 255, 255);"
      >
        <span
          class="c12"
          tabindex="0"
        >
          <span
            class="c13 "
          >
            £0.00
          </span>
          <span
            class="c14 c15"
          >
            £0.00
          </span>
        </span>
      </div>
      <div
        class="c17"
        style="background-color: rgb(255, 255, 255);"
      >
        <span
          class="c12"
          tabindex="0"
        >
          <span
            class="c13 "
          >
            £0.00
          </span>
          <span
            class="c14 c15"
          >
            £0.00
          </span>
        </span>
      </div>
    </div>
    <div
      class="c9"
    >
      <div
        class="c10"
      >
        Jul-18
      </div>
      <div
        class="c11"
        style="background-color: rgb(36, 191, 55);"
      >
        <span
          class="c12"
          tabindex="0"
        >
          <span
            class="c13 "
          >
            £26.00
          </span>
          <span
            class="c14 c15"
          >
            £26.00
          </span>
        </span>
      </div>
      <div
        class="c16"
        style="background-color: rgb(255, 255, 255);"
      >
        <span
          class="c12"
          tabindex="0"
        >
          <span
            class="c13 "
          >
            £0.00
          </span>
          <span
            class="c14 c15"
          >
            £0.00
          </span>
        </span>
      </div>
      <div
        class="c17"
        style="background-color: rgb(255, 255, 255);"
      >
        <span
          class="c12"
          tabindex="0"
        >
          <span
            class="c13 "
          >
            £0.00
          </span>
          <span
            class="c14 c15"
          >
            £0.00
          </span>
        </span>
      </div>
    </div>
  </div>
</div>
`;

exports[`<PageOverview /> should render graphs 1`] = `
.c2 {
  width: 100%;
  position: relative;
  z-index: 2;
}

.sc-pHIBf .c2 {
  position: relative;
  height: 125px;
}

.c0 {
  -webkit-flex: 0 0 auto;
  -ms-flex: 0 0 auto;
  flex: 0 0 auto;
  height: 240px;
  box-shadow: 0 -2px 6px rgba(0,0,0,0.2);
  z-index: 10;
  overflow: hidden;
}

.c0 .c1 {
  overflow: hidden;
}

.c3 {
  position: absolute;
  right: 0;
  top: 0;
  font-size: 0.9em;
  line-height: 20px;
  padding: 0.1em 0.2em;
  background: rgba(255,255,255,0.6);
  cursor: pointer;
  -webkit-user-select: none;
  -moz-user-select: none;
  -ms-user-select: none;
  user-select: none;
}

.c3 span {
  vertical-align: middle;
}

.c4 {
  width: 20px;
  height: 20px;
  float: left;
  position: relative;
}

.c4:before {
  left: 4px;
  top: 4px;
  width: 12px;
  height: 12px;
  box-shadow: 0 0 0 1px black;
}

.c4:after {
  left: 7px;
  top: 7px;
  width: 6px;
  height: 6px;
}

.c4:before,
.c4:after {
  content: '';
  position: absolute;
  border-radius: 100%;
}

@media only screen and (min-width:350px) {

}

@media only screen and (min-width:1200px) {

}

@media only screen and (min-width:500px) {

}

@media only screen and (min-width:500px) {

}

@media only screen and (min-width:500px) {

}

@media only screen and (min-width:500px) {

}

@media only screen and (min-width:500px) {

}

@media only screen and (min-width:500px) {
  .sc-pHIBf .c2 {
    height: 100%;
  }
}

@media only screen and (min-width:500px) {
  .c2 {
    display: inline-block;
    position: static;
    width: 500px;
    height: 300px;
    background: rgba(255,255,255,0.95);
    box-shadow: 0 3px 10px rgba(0,0,0,0.2);
  }

  .sc-qZtCU .c2 {
    z-index: 10;
    width: 100px;
    height: 100%;
    position: static;
    background: transparent;
    box-shadow: none;
  }
}

@media only screen and (min-width:1200px) {
  .c2 {
    display: block;
  }
}

@media only screen and (min-width:500px) {
  .c0 {
    display: -webkit-box;
    display: -webkit-flex;
    display: -ms-flexbox;
    display: flex;
    width: 100%;
    -webkit-flex-flow: row wrap;
    -ms-flex-flow: row wrap;
    flex-flow: row wrap;
    -webkit-align-items: center;
    -webkit-box-align: center;
    -ms-flex-align: center;
    align-items: center;
    -webkit-box-pack: space-evenly;
    -webkit-justify-content: space-evenly;
    -ms-flex-pack: space-evenly;
    justify-content: space-evenly;
  }

  .c0 .c1 {
    position: relative;
    overflow: hidden;
  }
}

@media only screen and (min-width:500px) {
  .c0 {
    display: -webkit-box;
    display: -webkit-flex;
    display: -ms-flexbox;
    display: flex;
    -webkit-flex: 0 0 300px;
    -ms-flex: 0 0 300px;
    flex: 0 0 300px;
    height: 300px;
    box-shadow: none;
  }
}

@media only screen and (min-width:1200px) {
  .c0 {
    -webkit-flex: 0 1 520px;
    -ms-flex: 0 1 520px;
    flex: 0 1 520px;
    -webkit-box-pack: center;
    -webkit-justify-content: center;
    -ms-flex-pack: center;
    justify-content: center;
    -webkit-align-items: center;
    -webkit-box-align: center;
    -ms-flex-align: center;
    align-items: center;
    overflow-y: auto;
    height: auto;
    max-height: 640px;
  }
}

@media only screen and (min-width:500px) {

}

@media only screen and (min-width:1200px) {

}

@media only screen and (min-width:500px) {

}

@media only screen and (min-width:1200px) {

}

@media only screen and (min-width:500px) {

}

@media only screen and (min-width:1200px) {

}

@media only screen and (min-width:350px) {

}

@media only screen and (min-width:500px) {

}

@media only screen and (min-width:350px) {

}

@media only screen and (min-width:500px) {

}

@media only screen and (min-width:350px) {

}

@media only screen and (min-width:500px) {

}

@media only screen and (min-width:350px) {

}

@media only screen and (min-width:500px) {

}

@media only screen and (min-width:500px) {

}

@media only screen and (min-width:1200px) {

}

@media only screen and (min-width:350px) {

}

@media only screen and (min-width:500px) {

}

@media only screen and (min-width:500px) {

}

@media only screen and (min-width:350px) {

}

@media only screen and (min-width:500px) {

}

@media only screen and (min-width:500px) {

}

@media only screen and (min-width:350px) {

}

@media only screen and (min-width:500px) {

}

@media only screen and (min-width:500px) {

}

@media only screen and (min-width:350px) {

}

@media only screen and (min-width:500px) {

}

@media only screen and (min-width:500px) {

}

@media only screen and (min-width:500px) {

}

@media only screen and (min-width:500px) {

}

@media only screen and (min-width:500px) {

}

<div
  class="sc-pkUbs c0"
  data-testid="graph-overview"
>
  <div
    class="c1 c2"
    height="300"
    width="500"
  >
    <svg
      data-testid="graph-svg"
      height="300"
      width="500"
    >
      <g>
        <g>
          <g>
            <line
              stroke="#999"
              stroke-width="1"
              x1="0"
              x2="500"
              y1="261.5"
              y2="261.5"
            />
            <line
              stroke="#999"
              stroke-width="1"
              x1="0"
              x2="500"
              y1="196.5"
              y2="196.5"
            />
            <line
              stroke="#999"
              stroke-width="1"
              x1="0"
              x2="500"
              y1="131.5"
              y2="131.5"
            />
            <line
              stroke="#999"
              stroke-width="1"
              x1="0"
              x2="500"
              y1="66.5"
              y2="66.5"
            />
          </g>
          <g>
            <line
              stroke="#eaeaea"
              stroke-width="1"
              x1="0"
              x2="500"
              y1="300.5"
              y2="300.5"
            />
            <line
              stroke="#eaeaea"
              stroke-width="1"
              x1="0"
              x2="500"
              y1="287.5"
              y2="287.5"
            />
            <line
              stroke="#eaeaea"
              stroke-width="1"
              x1="0"
              x2="500"
              y1="274.5"
              y2="274.5"
            />
            <line
              stroke="#eaeaea"
              stroke-width="1"
              x1="0"
              x2="500"
              y1="248.5"
              y2="248.5"
            />
            <line
              stroke="#eaeaea"
              stroke-width="1"
              x1="0"
              x2="500"
              y1="235.5"
              y2="235.5"
            />
            <line
              stroke="#eaeaea"
              stroke-width="1"
              x1="0"
              x2="500"
              y1="222.5"
              y2="222.5"
            />
            <line
              stroke="#eaeaea"
              stroke-width="1"
              x1="0"
              x2="500"
              y1="209.5"
              y2="209.5"
            />
            <line
              stroke="#eaeaea"
              stroke-width="1"
              x1="0"
              x2="500"
              y1="183.5"
              y2="183.5"
            />
            <line
              stroke="#eaeaea"
              stroke-width="1"
              x1="0"
              x2="500"
              y1="170.5"
              y2="170.5"
            />
            <line
              stroke="#eaeaea"
              stroke-width="1"
              x1="0"
              x2="500"
              y1="157.5"
              y2="157.5"
            />
            <line
              stroke="#eaeaea"
              stroke-width="1"
              x1="0"
              x2="500"
              y1="144.5"
              y2="144.5"
            />
            <line
              stroke="#eaeaea"
              stroke-width="1"
              x1="0"
              x2="500"
              y1="118.5"
              y2="118.5"
            />
            <line
              stroke="#eaeaea"
              stroke-width="1"
              x1="0"
              x2="500"
              y1="105.5"
              y2="105.5"
            />
            <line
              stroke="#eaeaea"
              stroke-width="1"
              x1="0"
              x2="500"
              y1="92.5"
              y2="92.5"
            />
            <line
              stroke="#eaeaea"
              stroke-width="1"
              x1="0"
              x2="500"
              y1="79.5"
              y2="79.5"
            />
            <line
              stroke="#eaeaea"
              stroke-width="1"
              x1="0"
              x2="500"
              y1="53.5"
              y2="53.5"
            />
            <line
              stroke="#eaeaea"
              stroke-width="1"
              x1="0"
              x2="500"
              y1="40.5"
              y2="40.5"
            />
          </g>
          <g>
            <text
              alignment-baseline="baseline"
              font-family="Arial, Helvetica, sans-serif"
              font-size="11"
              text-anchor="start"
              x="0"
              y="259.5"
            >
              −£25k
            </text>
            <text
              alignment-baseline="baseline"
              font-family="Arial, Helvetica, sans-serif"
              font-size="11"
              text-anchor="start"
              x="0"
              y="194.5"
            >
              £0
            </text>
            <text
              alignment-baseline="baseline"
              font-family="Arial, Helvetica, sans-serif"
              font-size="11"
              text-anchor="start"
              x="0"
              y="129.5"
            >
              £25k
            </text>
            <text
              alignment-baseline="baseline"
              font-family="Arial, Helvetica, sans-serif"
              font-size="11"
              text-anchor="start"
              x="0"
              y="64.5"
            >
              £50k
            </text>
          </g>
          <g>
            <line
              stroke="#eaeaea"
              stroke-width="0.5"
              x1="-8.5"
              x2="-8.5"
              y1="295"
              y2="0"
            />
            <line
              stroke="#999"
              stroke-width="0.5"
              x1="0.5"
              x2="0.5"
              y1="285"
              y2="0"
            />
            <line
              stroke="#eaeaea"
              stroke-width="0.5"
              x1="11.5"
              x2="11.5"
              y1="295"
              y2="0"
            />
            <line
              stroke="#eaeaea"
              stroke-width="0.5"
              x1="30.5"
              x2="30.5"
              y1="295"
              y2="0"
            />
            <line
              stroke="#eaeaea"
              stroke-width="0.5"
              x1="49.5"
              x2="49.5"
              y1="295"
              y2="0"
            />
            <line
              stroke="#eaeaea"
              stroke-width="0.5"
              x1="69.5"
              x2="69.5"
              y1="295"
              y2="0"
            />
            <line
              stroke="#999"
              stroke-width="0.5"
              x1="77.5"
              x2="77.5"
              y1="285"
              y2="0"
            />
            <line
              stroke="#eaeaea"
              stroke-width="0.5"
              x1="88.5"
              x2="88.5"
              y1="295"
              y2="0"
            />
            <line
              stroke="#eaeaea"
              stroke-width="0.5"
              x1="107.5"
              x2="107.5"
              y1="295"
              y2="0"
            />
            <line
              stroke="#eaeaea"
              stroke-width="0.5"
              x1="127.5"
              x2="127.5"
              y1="295"
              y2="0"
            />
            <line
              stroke="#eaeaea"
              stroke-width="0.5"
              x1="146.5"
              x2="146.5"
              y1="295"
              y2="0"
            />
            <line
              stroke="#999"
              stroke-width="0.5"
              x1="162.5"
              x2="162.5"
              y1="285"
              y2="0"
            />
            <line
              stroke="#eaeaea"
              stroke-width="0.5"
              x1="165.5"
              x2="165.5"
              y1="295"
              y2="0"
            />
            <line
              stroke="#eaeaea"
              stroke-width="0.5"
              x1="185.5"
              x2="185.5"
              y1="295"
              y2="0"
            />
            <line
              stroke="#eaeaea"
              stroke-width="0.5"
              x1="204.5"
              x2="204.5"
              y1="295"
              y2="0"
            />
            <line
              stroke="#eaeaea"
              stroke-width="0.5"
              x1="223.5"
              x2="223.5"
              y1="295"
              y2="0"
            />
            <line
              stroke="#eaeaea"
              stroke-width="0.5"
              x1="243.5"
              x2="243.5"
              y1="295"
              y2="0"
            />
            <line
              stroke="#999"
              stroke-width="0.5"
              x1="245.5"
              x2="245.5"
              y1="285"
              y2="0"
            />
            <line
              stroke="#eaeaea"
              stroke-width="0.5"
              x1="262.5"
              x2="262.5"
              y1="295"
              y2="0"
            />
            <line
              stroke="#eaeaea"
              stroke-width="0.5"
              x1="281.5"
              x2="281.5"
              y1="295"
              y2="0"
            />
            <line
              stroke="#eaeaea"
              stroke-width="0.5"
              x1="301.5"
              x2="301.5"
              y1="295"
              y2="0"
            />
            <line
              stroke="#eaeaea"
              stroke-width="0.5"
              x1="320.5"
              x2="320.5"
              y1="295"
              y2="0"
            />
            <line
              stroke="#999"
              stroke-width="0.5"
              x1="331.5"
              x2="331.5"
              y1="285"
              y2="0"
            />
            <line
              stroke="#eaeaea"
              stroke-width="0.5"
              x1="339.5"
              x2="339.5"
              y1="295"
              y2="0"
            />
            <line
              stroke="#eaeaea"
              stroke-width="0.5"
              x1="359.5"
              x2="359.5"
              y1="295"
              y2="0"
            />
            <line
              stroke="#eaeaea"
              stroke-width="0.5"
              x1="378.5"
              x2="378.5"
              y1="295"
              y2="0"
            />
            <line
              stroke="#eaeaea"
              stroke-width="0.5"
              x1="397.5"
              x2="397.5"
              y1="295"
              y2="0"
            />
            <line
              stroke="#999"
              stroke-width="0.5"
              x1="414.5"
              x2="414.5"
              y1="285"
              y2="0"
            />
            <line
              stroke="#eaeaea"
              stroke-width="0.5"
              x1="417.5"
              x2="417.5"
              y1="295"
              y2="0"
            />
            <line
              stroke="#eaeaea"
              stroke-width="0.5"
              x1="436.5"
              x2="436.5"
              y1="295"
              y2="0"
            />
            <line
              stroke="#eaeaea"
              stroke-width="0.5"
              x1="455.5"
              x2="455.5"
              y1="295"
              y2="0"
            />
            <line
              stroke="#eaeaea"
              stroke-width="0.5"
              x1="475.5"
              x2="475.5"
              y1="295"
              y2="0"
            />
            <line
              stroke="#eaeaea"
              stroke-width="0.5"
              x1="494.5"
              x2="494.5"
              y1="295"
              y2="0"
            />
            <line
              stroke="#999"
              stroke-width="0.5"
              x1="500.5"
              x2="500.5"
              y1="285"
              y2="0"
            />
          </g>
          <g>
            <line
              stroke="#000"
              stroke-width="1"
              x1="-8.5"
              x2="-8.5"
              y1="300"
              y2="295"
            />
            <line
              stroke="#333"
              stroke-width="1"
              x1="0.5"
              x2="0.5"
              y1="300"
              y2="285"
            />
            <line
              stroke="#000"
              stroke-width="1"
              x1="11.5"
              x2="11.5"
              y1="300"
              y2="295"
            />
            <line
              stroke="#000"
              stroke-width="1"
              x1="30.5"
              x2="30.5"
              y1="300"
              y2="295"
            />
            <line
              stroke="#000"
              stroke-width="1"
              x1="49.5"
              x2="49.5"
              y1="300"
              y2="295"
            />
            <line
              stroke="#000"
              stroke-width="1"
              x1="69.5"
              x2="69.5"
              y1="300"
              y2="295"
            />
            <line
              stroke="#333"
              stroke-width="1"
              x1="77.5"
              x2="77.5"
              y1="300"
              y2="285"
            />
            <line
              stroke="#000"
              stroke-width="1"
              x1="88.5"
              x2="88.5"
              y1="300"
              y2="295"
            />
            <line
              stroke="#000"
              stroke-width="1"
              x1="107.5"
              x2="107.5"
              y1="300"
              y2="295"
            />
            <line
              stroke="#000"
              stroke-width="1"
              x1="127.5"
              x2="127.5"
              y1="300"
              y2="295"
            />
            <line
              stroke="#000"
              stroke-width="1"
              x1="146.5"
              x2="146.5"
              y1="300"
              y2="295"
            />
            <line
              stroke="#333"
              stroke-width="1"
              x1="162.5"
              x2="162.5"
              y1="300"
              y2="285"
            />
            <line
              stroke="#000"
              stroke-width="1"
              x1="165.5"
              x2="165.5"
              y1="300"
              y2="295"
            />
            <line
              stroke="#000"
              stroke-width="1"
              x1="185.5"
              x2="185.5"
              y1="300"
              y2="295"
            />
            <line
              stroke="#000"
              stroke-width="1"
              x1="204.5"
              x2="204.5"
              y1="300"
              y2="295"
            />
            <line
              stroke="#000"
              stroke-width="1"
              x1="223.5"
              x2="223.5"
              y1="300"
              y2="295"
            />
            <line
              stroke="#000"
              stroke-width="1"
              x1="243.5"
              x2="243.5"
              y1="300"
              y2="295"
            />
            <line
              stroke="#333"
              stroke-width="1"
              x1="245.5"
              x2="245.5"
              y1="300"
              y2="285"
            />
            <line
              stroke="#000"
              stroke-width="1"
              x1="262.5"
              x2="262.5"
              y1="300"
              y2="295"
            />
            <line
              stroke="#000"
              stroke-width="1"
              x1="281.5"
              x2="281.5"
              y1="300"
              y2="295"
            />
            <line
              stroke="#000"
              stroke-width="1"
              x1="301.5"
              x2="301.5"
              y1="300"
              y2="295"
            />
            <line
              stroke="#000"
              stroke-width="1"
              x1="320.5"
              x2="320.5"
              y1="300"
              y2="295"
            />
            <line
              stroke="#333"
              stroke-width="1"
              x1="331.5"
              x2="331.5"
              y1="300"
              y2="285"
            />
            <line
              stroke="#000"
              stroke-width="1"
              x1="339.5"
              x2="339.5"
              y1="300"
              y2="295"
            />
            <line
              stroke="#000"
              stroke-width="1"
              x1="359.5"
              x2="359.5"
              y1="300"
              y2="295"
            />
            <line
              stroke="#000"
              stroke-width="1"
              x1="378.5"
              x2="378.5"
              y1="300"
              y2="295"
            />
            <line
              stroke="#000"
              stroke-width="1"
              x1="397.5"
              x2="397.5"
              y1="300"
              y2="295"
            />
            <line
              stroke="#333"
              stroke-width="1"
              x1="414.5"
              x2="414.5"
              y1="300"
              y2="285"
            />
            <line
              stroke="#000"
              stroke-width="1"
              x1="417.5"
              x2="417.5"
              y1="300"
              y2="295"
            />
            <line
              stroke="#000"
              stroke-width="1"
              x1="436.5"
              x2="436.5"
              y1="300"
              y2="295"
            />
            <line
              stroke="#000"
              stroke-width="1"
              x1="455.5"
              x2="455.5"
              y1="300"
              y2="295"
            />
            <line
              stroke="#000"
              stroke-width="1"
              x1="475.5"
              x2="475.5"
              y1="300"
              y2="295"
            />
            <line
              stroke="#000"
              stroke-width="1"
              x1="494.5"
              x2="494.5"
              y1="300"
              y2="295"
            />
            <line
              stroke="#333"
              stroke-width="1"
              x1="500.5"
              x2="500.5"
              y1="300"
              y2="285"
            />
          </g>
          <g>
            <text
              alignment-baseline="baseline"
              font-family="Arial, Helvetica, sans-serif"
              font-size="11"
              transform="rotate(-30 0.5 285)"
              x="0.5"
              y="285"
            >
              Feb
            </text>
            <text
              alignment-baseline="baseline"
              font-family="Arial, Helvetica, sans-serif"
              font-size="11"
              transform="rotate(-30 77.5 285)"
              x="77.5"
              y="285"
            >
              Mar
            </text>
            <text
              alignment-baseline="baseline"
              font-family="Arial, Helvetica, sans-serif"
              font-size="11"
              transform="rotate(-30 162.5 285)"
              x="162.5"
              y="285"
            >
              Apr
            </text>
            <text
              alignment-baseline="baseline"
              font-family="Arial, Helvetica, sans-serif"
              font-size="11"
              transform="rotate(-30 245.5 285)"
              x="245.5"
              y="285"
            >
              May
            </text>
            <text
              alignment-baseline="baseline"
              font-family="Arial, Helvetica, sans-serif"
              font-size="11"
              transform="rotate(-30 331.5 285)"
              x="331.5"
              y="285"
            >
              Jun
            </text>
            <text
              alignment-baseline="baseline"
              font-family="Arial, Helvetica, sans-serif"
              font-size="11"
              transform="rotate(-30 414.5 285)"
              x="414.5"
              y="285"
            >
              Jul
            </text>
            <text
              alignment-baseline="baseline"
              font-family="Arial, Helvetica, sans-serif"
              font-size="11"
              transform="rotate(-30 500.5 285)"
              x="500.5"
              y="285"
            >
              Aug
            </text>
          </g>
        </g>
        <g>
          <line
            stroke="#333"
            stroke-width="1"
            x1="2237.5"
            x2="2237.5"
            y1="300"
            y2="40"
          />
          <text
            color="#000"
            font-family="Arial, Helvetica, sans-serif"
            font-size="11"
            x="2237.5"
            y="40"
          >
            Now
          </text>
        </g>
      </g>
      <g>
        <path
          d="M0.0,103.6 L77.3,86.2"
          fill="none"
          stroke="#999"
          stroke-width="1"
        />
      </g>
      <g>
        <path
          d="M0,198.620254 Q50,196 77.3,195.9 C107,195 133,196 163.0,195.9 C192,196 217,196 245.9,195.9 C276,196 302,196 331.5,195.9 C360,196 385,196 414.4,195.9 Q444,196 500.0,195.9"
          fill="rgba(145,194,129,0.4)"
          stroke="none"
          stroke-width="2"
        />
      </g>
      <g>
        <path
          d="M0,193.379746 Q50,193 77.3,193.4 C107,193 133,193 163.0,193.3 C192,193 217,193 245.9,193.3 C276,194 302,196 331.5,196.0 C360,196 385,196 414.4,196.0 Q444,196 500.0,196.0"
          fill="rgba(84,110,122,0.4)"
          stroke="none"
          stroke-width="2"
        />
      </g>
      <g>
        <path
          d="M0,254.6508 Q46,201 77.3,183.7 C103,170 140,154 163.0,166.2 C199,186 210,252 245.9,276.1 C268,291 302,276 331.5,276.1 C360,276 385,276 414.4,276.1 Q444,276 500.0,276.1"
          fill="none"
          stroke="#039"
          stroke-width="2"
        />
      </g>
      <g>
        <path
          d="M0,196 Q50,196 77.3,196.0 C107,196 133,196 163.0,196.0 C192,196 217,196 245.9,196.0 C276,196 302,196 331.5,196.0 C360,196 385,196 414.4,196.0 Q444,196 500.0,196.0"
          fill="rgba(47,123,211,0.5)"
          stroke="none"
          stroke-width="2"
        />
      </g>
      <g>
        <path
          d="M0,196 Q50,195 77.3,194.9 C107,195 133,195 163.0,194.9 C192,195 217,195 245.9,194.9 C276,195 302,195 331.5,194.9 C360,195 385,195 414.4,194.9 Q444,195 500.0,194.9"
          fill="none"
          stroke="#00348a"
          stroke-dasharray="3,5"
          stroke-width="1"
        />
      </g>
      <g>
        <g>
          <rect
            fill="rgba(255,255,255,0.6)"
            height="62"
            width="64"
            x="48"
            y="88"
          />
          <text
            alignment-baseline="hanging"
            fill="#333"
            font-family="Arial, Helvetica, sans-serif"
            font-size="11"
            x="50"
            y="92"
          >
            £335k (1y)
          </text>
          <text
            alignment-baseline="hanging"
            fill="#333"
            font-family="Arial, Helvetica, sans-serif"
            font-size="11"
            x="50"
            y="114"
          >
            £21m (3y)
          </text>
          <text
            alignment-baseline="hanging"
            fill="#333"
            font-family="Arial, Helvetica, sans-serif"
            font-size="11"
            x="50"
            y="136"
          >
            £1bn (5y)
          </text>
        </g>
        <g>
          <rect
            fill="rgba(255,255,255,0.6)"
            height="80"
            width="200"
            x="45"
            y="8"
          />
          <text
            alignment-baseline="hanging"
            color="#000"
            font-family="Arial, Helvetica, sans-serif"
            font-size="16"
            x="65"
            y="10"
          >
            Net worth
          </text>
          <line
            stroke="#039"
            stroke-width="2"
            x1="50"
            x2="74"
            y1="40"
            y2="40"
          />
          <text
            alignment-baseline="middle"
            fill="#333"
            font-family="Arial, Helvetica, sans-serif"
            font-size="11"
            x="78"
            y="40"
          >
            Actual
          </text>
          <line
            stroke="#808080"
            stroke-width="2"
            x1="130"
            x2="154"
            y1="40"
            y2="40"
          />
          <text
            alignment-baseline="middle"
            fill="#333"
            font-family="Arial, Helvetica, sans-serif"
            font-size="11"
            x="158"
            y="40"
          >
            Predicted
          </text>
          <rect
            fill="rgba(150,140,39,0.5)"
            height="6"
            width="24"
            x="130"
            y="69"
          />
          <text
            alignment-baseline="middle"
            fill="#333"
            font-family="Arial, Helvetica, sans-serif"
            font-size="11"
            x="158"
            y="72"
          >
            Home equity
          </text>
          <rect
            fill="rgba(84,110,122,0.5)"
            height="6"
            width="24"
            x="50"
            y="53"
          />
          <text
            alignment-baseline="middle"
            fill="#333"
            font-family="Arial, Helvetica, sans-serif"
            font-size="11"
            x="78"
            y="56"
          >
            Stocks
          </text>
          <rect
            fill="#91c281"
            height="6"
            width="24"
            x="130"
            y="53"
          />
          <text
            alignment-baseline="middle"
            fill="#333"
            font-family="Arial, Helvetica, sans-serif"
            font-size="11"
            x="158"
            y="56"
          >
            Locked cash
          </text>
          <rect
            fill="rgba(47,123,211,0.5)"
            height="6"
            width="24"
            x="50"
            y="69"
          />
          <text
            alignment-baseline="middle"
            fill="#333"
            font-family="Arial, Helvetica, sans-serif"
            font-size="11"
            x="78"
            y="72"
          >
            Pension
          </text>
          <line
            stroke="#00348a"
            stroke-dasharray="3,4"
            stroke-width="2"
            x1="220"
            x2="244"
            y1="40.5"
            y2="40.5"
          />
          <text
            alignment-baseline="middle"
            fill="#333"
            font-family="Arial, Helvetica, sans-serif"
            font-size="11"
            x="248"
            y="40"
          >
            Options
          </text>
        </g>
      </g>
    </svg>
    <span
      class="c3"
    >
      <span>
        Show all
      </span>
      <a
        class="c4"
      />
    </span>
  </div>
  <div
    class="c1 c2"
    height="300"
    width="500"
  >
    <svg
      data-testid="graph-svg"
      height="300"
      width="500"
    >
      <g>
        <g>
          <g>
            <line
              stroke="#999"
              stroke-width="1"
              x1="0"
              x2="500"
              y1="300.5"
              y2="300.5"
            />
            <line
              stroke="#999"
              stroke-width="1"
              x1="0"
              x2="500"
              y1="235.5"
              y2="235.5"
            />
            <line
              stroke="#999"
              stroke-width="1"
              x1="0"
              x2="500"
              y1="170.5"
              y2="170.5"
            />
            <line
              stroke="#999"
              stroke-width="1"
              x1="0"
              x2="500"
              y1="105.5"
              y2="105.5"
            />
            <line
              stroke="#999"
              stroke-width="1"
              x1="0"
              x2="500"
              y1="40.5"
              y2="40.5"
            />
          </g>
          <g>
            <line
              stroke="#eaeaea"
              stroke-width="1"
              x1="0"
              x2="500"
              y1="287.5"
              y2="287.5"
            />
            <line
              stroke="#eaeaea"
              stroke-width="1"
              x1="0"
              x2="500"
              y1="274.5"
              y2="274.5"
            />
            <line
              stroke="#eaeaea"
              stroke-width="1"
              x1="0"
              x2="500"
              y1="261.5"
              y2="261.5"
            />
            <line
              stroke="#eaeaea"
              stroke-width="1"
              x1="0"
              x2="500"
              y1="248.5"
              y2="248.5"
            />
            <line
              stroke="#eaeaea"
              stroke-width="1"
              x1="0"
              x2="500"
              y1="222.5"
              y2="222.5"
            />
            <line
              stroke="#eaeaea"
              stroke-width="1"
              x1="0"
              x2="500"
              y1="209.5"
              y2="209.5"
            />
            <line
              stroke="#eaeaea"
              stroke-width="1"
              x1="0"
              x2="500"
              y1="196.5"
              y2="196.5"
            />
            <line
              stroke="#eaeaea"
              stroke-width="1"
              x1="0"
              x2="500"
              y1="183.5"
              y2="183.5"
            />
            <line
              stroke="#eaeaea"
              stroke-width="1"
              x1="0"
              x2="500"
              y1="157.5"
              y2="157.5"
            />
            <line
              stroke="#eaeaea"
              stroke-width="1"
              x1="0"
              x2="500"
              y1="144.5"
              y2="144.5"
            />
            <line
              stroke="#eaeaea"
              stroke-width="1"
              x1="0"
              x2="500"
              y1="131.5"
              y2="131.5"
            />
            <line
              stroke="#eaeaea"
              stroke-width="1"
              x1="0"
              x2="500"
              y1="118.5"
              y2="118.5"
            />
            <line
              stroke="#eaeaea"
              stroke-width="1"
              x1="0"
              x2="500"
              y1="92.5"
              y2="92.5"
            />
            <line
              stroke="#eaeaea"
              stroke-width="1"
              x1="0"
              x2="500"
              y1="79.5"
              y2="79.5"
            />
            <line
              stroke="#eaeaea"
              stroke-width="1"
              x1="0"
              x2="500"
              y1="66.5"
              y2="66.5"
            />
            <line
              stroke="#eaeaea"
              stroke-width="1"
              x1="0"
              x2="500"
              y1="53.5"
              y2="53.5"
            />
          </g>
          <g>
            <text
              alignment-baseline="baseline"
              font-family="Arial, Helvetica, sans-serif"
              font-size="11"
              text-anchor="start"
              x="0"
              y="298.5"
            >
              −£10
            </text>
            <text
              alignment-baseline="baseline"
              font-family="Arial, Helvetica, sans-serif"
              font-size="11"
              text-anchor="start"
              x="0"
              y="233.5"
            >
              £0
            </text>
            <text
              alignment-baseline="baseline"
              font-family="Arial, Helvetica, sans-serif"
              font-size="11"
              text-anchor="start"
              x="0"
              y="168.5"
            >
              £10
            </text>
            <text
              alignment-baseline="baseline"
              font-family="Arial, Helvetica, sans-serif"
              font-size="11"
              text-anchor="start"
              x="0"
              y="103.5"
            >
              £20
            </text>
            <text
              alignment-baseline="baseline"
              font-family="Arial, Helvetica, sans-serif"
              font-size="11"
              text-anchor="start"
              x="0"
              y="38.5"
            >
              £30
            </text>
          </g>
          <g>
            <text
              alignment-baseline="baseline"
              font-family="Arial, Helvetica, sans-serif"
              font-size="11"
              text-anchor="end"
              x="500"
              y="298.5"
            >
              0.00%
            </text>
            <text
              alignment-baseline="baseline"
              font-family="Arial, Helvetica, sans-serif"
              font-size="11"
              text-anchor="end"
              x="500"
              y="233.5"
            >
              50.00%
            </text>
            <text
              alignment-baseline="baseline"
              font-family="Arial, Helvetica, sans-serif"
              font-size="11"
              text-anchor="end"
              x="500"
              y="168.5"
            >
              100.00%
            </text>
            <text
              alignment-baseline="baseline"
              font-family="Arial, Helvetica, sans-serif"
              font-size="11"
              text-anchor="end"
              x="500"
              y="103.5"
            >
              150.00%
            </text>
            <text
              alignment-baseline="baseline"
              font-family="Arial, Helvetica, sans-serif"
              font-size="11"
              text-anchor="end"
              x="500"
              y="38.5"
            >
              200.00%
            </text>
          </g>
          <g>
            <line
              stroke="#eaeaea"
              stroke-width="0.5"
              x1="-8.5"
              x2="-8.5"
              y1="295"
              y2="0"
            />
            <line
              stroke="#999"
              stroke-width="0.5"
              x1="0.5"
              x2="0.5"
              y1="285"
              y2="0"
            />
            <line
              stroke="#eaeaea"
              stroke-width="0.5"
              x1="11.5"
              x2="11.5"
              y1="295"
              y2="0"
            />
            <line
              stroke="#eaeaea"
              stroke-width="0.5"
              x1="30.5"
              x2="30.5"
              y1="295"
              y2="0"
            />
            <line
              stroke="#eaeaea"
              stroke-width="0.5"
              x1="49.5"
              x2="49.5"
              y1="295"
              y2="0"
            />
            <line
              stroke="#eaeaea"
              stroke-width="0.5"
              x1="69.5"
              x2="69.5"
              y1="295"
              y2="0"
            />
            <line
              stroke="#999"
              stroke-width="0.5"
              x1="77.5"
              x2="77.5"
              y1="285"
              y2="0"
            />
            <line
              stroke="#eaeaea"
              stroke-width="0.5"
              x1="88.5"
              x2="88.5"
              y1="295"
              y2="0"
            />
            <line
              stroke="#eaeaea"
              stroke-width="0.5"
              x1="107.5"
              x2="107.5"
              y1="295"
              y2="0"
            />
            <line
              stroke="#eaeaea"
              stroke-width="0.5"
              x1="127.5"
              x2="127.5"
              y1="295"
              y2="0"
            />
            <line
              stroke="#eaeaea"
              stroke-width="0.5"
              x1="146.5"
              x2="146.5"
              y1="295"
              y2="0"
            />
            <line
              stroke="#999"
              stroke-width="0.5"
              x1="162.5"
              x2="162.5"
              y1="285"
              y2="0"
            />
            <line
              stroke="#eaeaea"
              stroke-width="0.5"
              x1="165.5"
              x2="165.5"
              y1="295"
              y2="0"
            />
            <line
              stroke="#eaeaea"
              stroke-width="0.5"
              x1="185.5"
              x2="185.5"
              y1="295"
              y2="0"
            />
            <line
              stroke="#eaeaea"
              stroke-width="0.5"
              x1="204.5"
              x2="204.5"
              y1="295"
              y2="0"
            />
            <line
              stroke="#eaeaea"
              stroke-width="0.5"
              x1="223.5"
              x2="223.5"
              y1="295"
              y2="0"
            />
            <line
              stroke="#eaeaea"
              stroke-width="0.5"
              x1="243.5"
              x2="243.5"
              y1="295"
              y2="0"
            />
            <line
              stroke="#999"
              stroke-width="0.5"
              x1="245.5"
              x2="245.5"
              y1="285"
              y2="0"
            />
            <line
              stroke="#eaeaea"
              stroke-width="0.5"
              x1="262.5"
              x2="262.5"
              y1="295"
              y2="0"
            />
            <line
              stroke="#eaeaea"
              stroke-width="0.5"
              x1="281.5"
              x2="281.5"
              y1="295"
              y2="0"
            />
            <line
              stroke="#eaeaea"
              stroke-width="0.5"
              x1="301.5"
              x2="301.5"
              y1="295"
              y2="0"
            />
            <line
              stroke="#eaeaea"
              stroke-width="0.5"
              x1="320.5"
              x2="320.5"
              y1="295"
              y2="0"
            />
            <line
              stroke="#999"
              stroke-width="0.5"
              x1="331.5"
              x2="331.5"
              y1="285"
              y2="0"
            />
            <line
              stroke="#eaeaea"
              stroke-width="0.5"
              x1="339.5"
              x2="339.5"
              y1="295"
              y2="0"
            />
            <line
              stroke="#eaeaea"
              stroke-width="0.5"
              x1="359.5"
              x2="359.5"
              y1="295"
              y2="0"
            />
            <line
              stroke="#eaeaea"
              stroke-width="0.5"
              x1="378.5"
              x2="378.5"
              y1="295"
              y2="0"
            />
            <line
              stroke="#eaeaea"
              stroke-width="0.5"
              x1="397.5"
              x2="397.5"
              y1="295"
              y2="0"
            />
            <line
              stroke="#999"
              stroke-width="0.5"
              x1="414.5"
              x2="414.5"
              y1="285"
              y2="0"
            />
            <line
              stroke="#eaeaea"
              stroke-width="0.5"
              x1="417.5"
              x2="417.5"
              y1="295"
              y2="0"
            />
            <line
              stroke="#eaeaea"
              stroke-width="0.5"
              x1="436.5"
              x2="436.5"
              y1="295"
              y2="0"
            />
            <line
              stroke="#eaeaea"
              stroke-width="0.5"
              x1="455.5"
              x2="455.5"
              y1="295"
              y2="0"
            />
            <line
              stroke="#eaeaea"
              stroke-width="0.5"
              x1="475.5"
              x2="475.5"
              y1="295"
              y2="0"
            />
            <line
              stroke="#eaeaea"
              stroke-width="0.5"
              x1="494.5"
              x2="494.5"
              y1="295"
              y2="0"
            />
            <line
              stroke="#999"
              stroke-width="0.5"
              x1="500.5"
              x2="500.5"
              y1="285"
              y2="0"
            />
          </g>
          <g>
            <line
              stroke="#000"
              stroke-width="1"
              x1="-8.5"
              x2="-8.5"
              y1="300"
              y2="295"
            />
            <line
              stroke="#333"
              stroke-width="1"
              x1="0.5"
              x2="0.5"
              y1="300"
              y2="285"
            />
            <line
              stroke="#000"
              stroke-width="1"
              x1="11.5"
              x2="11.5"
              y1="300"
              y2="295"
            />
            <line
              stroke="#000"
              stroke-width="1"
              x1="30.5"
              x2="30.5"
              y1="300"
              y2="295"
            />
            <line
              stroke="#000"
              stroke-width="1"
              x1="49.5"
              x2="49.5"
              y1="300"
              y2="295"
            />
            <line
              stroke="#000"
              stroke-width="1"
              x1="69.5"
              x2="69.5"
              y1="300"
              y2="295"
            />
            <line
              stroke="#333"
              stroke-width="1"
              x1="77.5"
              x2="77.5"
              y1="300"
              y2="285"
            />
            <line
              stroke="#000"
              stroke-width="1"
              x1="88.5"
              x2="88.5"
              y1="300"
              y2="295"
            />
            <line
              stroke="#000"
              stroke-width="1"
              x1="107.5"
              x2="107.5"
              y1="300"
              y2="295"
            />
            <line
              stroke="#000"
              stroke-width="1"
              x1="127.5"
              x2="127.5"
              y1="300"
              y2="295"
            />
            <line
              stroke="#000"
              stroke-width="1"
              x1="146.5"
              x2="146.5"
              y1="300"
              y2="295"
            />
            <line
              stroke="#333"
              stroke-width="1"
              x1="162.5"
              x2="162.5"
              y1="300"
              y2="285"
            />
            <line
              stroke="#000"
              stroke-width="1"
              x1="165.5"
              x2="165.5"
              y1="300"
              y2="295"
            />
            <line
              stroke="#000"
              stroke-width="1"
              x1="185.5"
              x2="185.5"
              y1="300"
              y2="295"
            />
            <line
              stroke="#000"
              stroke-width="1"
              x1="204.5"
              x2="204.5"
              y1="300"
              y2="295"
            />
            <line
              stroke="#000"
              stroke-width="1"
              x1="223.5"
              x2="223.5"
              y1="300"
              y2="295"
            />
            <line
              stroke="#000"
              stroke-width="1"
              x1="243.5"
              x2="243.5"
              y1="300"
              y2="295"
            />
            <line
              stroke="#333"
              stroke-width="1"
              x1="245.5"
              x2="245.5"
              y1="300"
              y2="285"
            />
            <line
              stroke="#000"
              stroke-width="1"
              x1="262.5"
              x2="262.5"
              y1="300"
              y2="295"
            />
            <line
              stroke="#000"
              stroke-width="1"
              x1="281.5"
              x2="281.5"
              y1="300"
              y2="295"
            />
            <line
              stroke="#000"
              stroke-width="1"
              x1="301.5"
              x2="301.5"
              y1="300"
              y2="295"
            />
            <line
              stroke="#000"
              stroke-width="1"
              x1="320.5"
              x2="320.5"
              y1="300"
              y2="295"
            />
            <line
              stroke="#333"
              stroke-width="1"
              x1="331.5"
              x2="331.5"
              y1="300"
              y2="285"
            />
            <line
              stroke="#000"
              stroke-width="1"
              x1="339.5"
              x2="339.5"
              y1="300"
              y2="295"
            />
            <line
              stroke="#000"
              stroke-width="1"
              x1="359.5"
              x2="359.5"
              y1="300"
              y2="295"
            />
            <line
              stroke="#000"
              stroke-width="1"
              x1="378.5"
              x2="378.5"
              y1="300"
              y2="295"
            />
            <line
              stroke="#000"
              stroke-width="1"
              x1="397.5"
              x2="397.5"
              y1="300"
              y2="295"
            />
            <line
              stroke="#333"
              stroke-width="1"
              x1="414.5"
              x2="414.5"
              y1="300"
              y2="285"
            />
            <line
              stroke="#000"
              stroke-width="1"
              x1="417.5"
              x2="417.5"
              y1="300"
              y2="295"
            />
            <line
              stroke="#000"
              stroke-width="1"
              x1="436.5"
              x2="436.5"
              y1="300"
              y2="295"
            />
            <line
              stroke="#000"
              stroke-width="1"
              x1="455.5"
              x2="455.5"
              y1="300"
              y2="295"
            />
            <line
              stroke="#000"
              stroke-width="1"
              x1="475.5"
              x2="475.5"
              y1="300"
              y2="295"
            />
            <line
              stroke="#000"
              stroke-width="1"
              x1="494.5"
              x2="494.5"
              y1="300"
              y2="295"
            />
            <line
              stroke="#333"
              stroke-width="1"
              x1="500.5"
              x2="500.5"
              y1="300"
              y2="285"
            />
          </g>
          <g>
            <text
              alignment-baseline="baseline"
              font-family="Arial, Helvetica, sans-serif"
              font-size="11"
              transform="rotate(-30 0.5 285)"
              x="0.5"
              y="285"
            >
              Feb
            </text>
            <text
              alignment-baseline="baseline"
              font-family="Arial, Helvetica, sans-serif"
              font-size="11"
              transform="rotate(-30 77.5 285)"
              x="77.5"
              y="285"
            >
              Mar
            </text>
            <text
              alignment-baseline="baseline"
              font-family="Arial, Helvetica, sans-serif"
              font-size="11"
              transform="rotate(-30 162.5 285)"
              x="162.5"
              y="285"
            >
              Apr
            </text>
            <text
              alignment-baseline="baseline"
              font-family="Arial, Helvetica, sans-serif"
              font-size="11"
              transform="rotate(-30 245.5 285)"
              x="245.5"
              y="285"
            >
              May
            </text>
            <text
              alignment-baseline="baseline"
              font-family="Arial, Helvetica, sans-serif"
              font-size="11"
              transform="rotate(-30 331.5 285)"
              x="331.5"
              y="285"
            >
              Jun
            </text>
            <text
              alignment-baseline="baseline"
              font-family="Arial, Helvetica, sans-serif"
              font-size="11"
              transform="rotate(-30 414.5 285)"
              x="414.5"
              y="285"
            >
              Jul
            </text>
            <text
              alignment-baseline="baseline"
              font-family="Arial, Helvetica, sans-serif"
              font-size="11"
              transform="rotate(-30 500.5 285)"
              x="500.5"
              y="285"
            >
              Aug
            </text>
          </g>
        </g>
        <g>
          <line
            stroke="#333"
            stroke-width="1"
            x1="2237.5"
            x2="2237.5"
            y1="300"
            y2="40"
          />
          <text
            color="#000"
            font-family="Arial, Helvetica, sans-serif"
            font-size="11"
            x="2237.5"
            y="40"
          >
            Now
          </text>
        </g>
      </g>
      <g>
        <g>
          <path
            d="M0,235 L2.6573610894698413e-15,191.602  L-4.1,193.6 L0.0,187.6 L4.1,193.6 L0.0,191.6"
            fill="#0c3"
            stroke="#0c3"
            stroke-width="0.74"
          />
        </g>
        <g>
          <path
            d="M77.34806629834254,235 L77.34806629834254,241.76080000000002  L81.1,239.9 L77.3,245.5 L73.6,239.9 L77.3,241.8"
            fill="#c30"
            stroke="#c30"
            stroke-width="0.504"
          />
        </g>
        <g>
          <path
            d="M162.98342541436463,235 L162.98342541436463,185.26930000000002  L158.7,187.4 L163.0,181.1 L167.2,187.4 L163.0,185.3"
            fill="#0c3"
            stroke="#0c3"
            stroke-width="0.841"
          />
        </g>
        <g>
          <path
            d="M245.85635359116023,235 L245.85635359116023,126.8329  L240.2,129.6 L245.9,121.4 L251.5,129.6 L245.9,126.8"
            fill="#0c3"
            stroke="#0c3"
            stroke-width="1.773"
          />
        </g>
        <g>
          <path
            d="M331.49171270718233,235 L331.49171270718233,93.78999999999999  L325.0,96.9 L331.5,87.6 L337.9,96.9 L331.5,93.8"
            fill="#0c3"
            stroke="#0c3"
            stroke-width="2.3000000000000003"
          />
        </g>
        <g>
          <path
            d="M414.36464088397787,235 L414.36464088397787,125.14  L408.7,127.9 L414.4,119.6 L420.1,127.9 L414.4,125.1"
            fill="#0c3"
            stroke="#0c3"
            stroke-width="1.7999999999999998"
          />
        </g>
        <g>
          <path
            d="M500,235 L500,74.97999999999999  L493.1,78.3 L500.0,68.3 L506.9,78.3 L500.0,75.0"
            fill="#0c3"
            stroke="#0c3"
            stroke-width="2.6"
          />
        </g>
      </g>
      <g>
        <path
          d="M0,153.10000000000002 Q53,95 77.3,100.6 C110,108 127,174 163.0,192.2 C186,204 219,181 245.9,187.7 C278,196 300,226 331.5,235.0 C359,243 385,235 414.4,235.0 Q444,235 500.0,235.0"
          fill="none"
          stroke="#bf2424"
          stroke-width="2"
        />
      </g>
      <g>
        <path
          d="M0,251.9 Q52,304 77.3,300.0 C109,295 129,245 163.0,227.1 C188,213 218,217 245.9,207.8 C277,197 300,177 331.5,170.0 C359,164 385,170 414.4,170.0 Q444,170 500.0,170.0 L500,300 L0,300"
          fill="rgba(0,153,51,0.2)"
          stroke="none"
          stroke-width="1"
        />
        <path
          d="M0,251.9 Q50,275 77.3,275.9 C107,277 133,265 163.0,259.7 C192,255 217,252 245.9,246.7 C276,242 301,236 331.5,231.4 C360,227 385,224 414.4,221.1 Q444,218 500.0,213.8"
          fill="none"
          stroke="#999"
          stroke-dasharray="3,5"
          stroke-width="1"
        />
      </g>
      <g>
        <g>
          <rect
            fill="rgba(255,255,255,0.6)"
            height="60"
            width="200"
            x="45"
            y="8"
          />
          <text
            alignment-baseline="hanging"
            color="#000"
            font-family="Arial, Helvetica, sans-serif"
            font-size="16"
            x="65"
            y="10"
          >
            Cash flow
          </text>
          <line
            stroke="#bf2424"
            stroke-width="2"
            x1="50"
            x2="74"
            y1="40"
            y2="40"
          />
          <text
            alignment-baseline="middle"
            fill="#333"
            font-family="Arial, Helvetica, sans-serif"
            font-size="11"
            x="78"
            y="40"
          >
            Spending
          </text>
          <line
            stroke="#093"
            stroke-width="2"
            x1="50"
            x2="74"
            y1="58"
            y2="58"
          />
          <text
            alignment-baseline="middle"
            fill="#333"
            font-family="Arial, Helvetica, sans-serif"
            font-size="11"
            x="78"
            y="58"
          >
            Savings ratio
          </text>
          <rect
            fill="rgba(255,255,255,0.6)"
            height="260"
            width="-1737.5690607734805"
            x="2237.5690607734805"
            y="40"
          />
        </g>
      </g>
    </svg>
  </div>
</div>
`;
