// Jest Snapshot v1, https://goo.gl/fbAQLP

exports[`<PageOverview /> should render a table 1`] = `
.emotion-0 {
  margin: 0;
  padding: 0;
  display: -webkit-box;
  display: -webkit-flex;
  display: -ms-flexbox;
  display: flex;
  -webkit-box-flex-flow: column nowrap;
  -webkit-flex-flow: column nowrap;
  -ms-flex-flow: column nowrap;
  flex-flow: column nowrap;
  width: 100%;
  overflow-y: auto;
  -webkit-user-select: none;
  -moz-user-select: none;
  -ms-user-select: none;
  user-select: none;
}

@media only screen and (min-width: 500px) {
  .emotion-0 {
    cursor: default;
    -webkit-flex: 1 1 0;
    -ms-flex: 1 1 0;
    flex: 1 1 0;
    width: 100%;
    overflow-y: unset;
  }
}

@media only screen and (min-width: 1200px) {
  .emotion-0 {
    -webkit-flex: 1 0 700px;
    -ms-flex: 1 0 700px;
    flex: 1 0 700px;
    max-width: 1024px;
    overflow-y: unset;
  }
}

.emotion-2 {
  display: -webkit-box;
  display: -webkit-flex;
  display: -ms-flexbox;
  display: flex;
  -webkit-box-flex-flow: row nowrap;
  -webkit-flex-flow: row nowrap;
  -ms-flex-flow: row nowrap;
  flex-flow: row nowrap;
  width: 100%;
  -webkit-flex: 0 0 auto;
  -ms-flex: 0 0 auto;
  flex: 0 0 auto;
  font-weight: bold;
}

@media only screen and (min-width: 500px) {
  .emotion-2 {
    font-size: 1rem;
  }
}

.emotion-4 {
  display: -webkit-box;
  display: -webkit-flex;
  display: -ms-flexbox;
  display: flex;
  -webkit-box-flex-flow: row nowrap;
  -webkit-flex-flow: row nowrap;
  -ms-flex-flow: row nowrap;
  flex-flow: row nowrap;
  -webkit-box-flex: 1;
  -webkit-flex-grow: 1;
  -ms-flex-positive: 1;
  flex-grow: 1;
  -webkit-flex-basis: 0;
  -ms-flex-preferred-size: 0;
  flex-basis: 0;
  padding: 0.25rem;
  position: relative;
  width: 100%;
  vertical-align: middle;
  text-align: left;
  height: 2rem;
  line-height: 1.5rem;
  -webkit-align-items: center;
  -webkit-box-align: center;
  -ms-flex-align: center;
  align-items: center;
  display: -webkit-inline-box;
  display: -webkit-inline-flex;
  display: -ms-inline-flexbox;
  display: inline-flex;
  -webkit-box-pack: justify;
  -webkit-justify-content: space-between;
  justify-content: space-between;
  overflow: hidden;
  white-space: nowrap;
  height: 1.5rem;
  text-align: center;
  background: #fffca3;
}

@media only screen and (min-width: 350px) {
  .emotion-4 {
    padding: 0.25rem;
    white-space: nowrap;
  }
}

@media only screen and (min-width: 500px) {
  .emotion-4 {
    display: -webkit-box;
    display: -webkit-flex;
    display: -ms-flexbox;
    display: flex;
    padding: 0 0.125rem;
    -webkit-box-flex: 10;
    -webkit-flex-grow: 10;
    -ms-flex-positive: 10;
    flex-grow: 10;
    height: 1.5rem;
  }
}

.emotion-4 button {
  -webkit-flex: 0 0 auto;
  -ms-flex: 0 0 auto;
  flex: 0 0 auto;
}

@media only screen and (min-width: 500px) {
  .emotion-4 {
    padding: 0.125rem;
  }
}

.emotion-6 {
  color: black;
  -webkit-flex: 1;
  -ms-flex: 1;
  flex: 1;
}

@media only screen and (min-width: 500px) {
  .emotion-6 {
    padding: 0 0.125rem;
    text-align: left;
  }
}

.emotion-8 {
  background-image: url(path/to/test/file);
  -webkit-background-position: -120px -62px;
  background-position: -120px -62px;
  display: block;
  height: 1.375rem;
  width: 1.375rem;
}

@media (min-device-pixel-ratio: 2), (min-resolution: 192dpi) {
  .emotion-8 {
    background-image: url(path/to/test/file);
    -webkit-background-size: 292px 88px;
    background-size: 292px 88px;
  }
}

.emotion-10 {
  -webkit-appearance: none;
  -moz-appearance: none;
  -ms-appearance: none;
  appearance: none;
  font: inherit;
  -webkit-align-items: center;
  -webkit-box-align: center;
  -ms-flex-align: center;
  align-items: center;
  cursor: pointer;
  display: -webkit-inline-box;
  display: -webkit-inline-flex;
  display: -ms-inline-flexbox;
  display: inline-flex;
  height: 1.375rem;
  -webkit-box-pack: center;
  -ms-flex-pack: center;
  -webkit-justify-content: center;
  justify-content: center;
  margin: 0;
  padding: 0;
  width: 1.375rem;
}

.emotion-10,
.emotion-10:active,
.emotion-10:focus,
.emotion-10:hover {
  background: none;
  border: none;
  outline: none;
}

@media only screen and (min-width: 500px) {
  .emotion-10 {
    margin: 0 0.125rem;
  }
}

.emotion-12 {
  background-image: url(path/to/test/file);
  -webkit-background-position: -92px -62px;
  background-position: -92px -62px;
  display: block;
  height: 1.375rem;
  width: 1.375rem;
}

@media (min-device-pixel-ratio: 2), (min-resolution: 192dpi) {
  .emotion-12 {
    background-image: url(path/to/test/file);
    -webkit-background-size: 292px 88px;
    background-size: 292px 88px;
  }
}

.emotion-14 {
  display: -webkit-box;
  display: -webkit-flex;
  display: -ms-flexbox;
  display: flex;
  -webkit-box-flex-flow: row nowrap;
  -webkit-flex-flow: row nowrap;
  -ms-flex-flow: row nowrap;
  flex-flow: row nowrap;
  -webkit-box-flex: 1;
  -webkit-flex-grow: 1;
  -ms-flex-positive: 1;
  flex-grow: 1;
  -webkit-flex-basis: 0;
  -ms-flex-preferred-size: 0;
  flex-basis: 0;
  padding: 0.25rem;
  position: relative;
  width: 100%;
  vertical-align: middle;
  text-align: left;
  height: 2rem;
  line-height: 1.5rem;
  -webkit-align-items: center;
  -webkit-box-align: center;
  -ms-flex-align: center;
  align-items: center;
  display: -webkit-inline-box;
  display: -webkit-inline-flex;
  display: -ms-inline-flexbox;
  display: inline-flex;
  -webkit-box-pack: justify;
  -webkit-justify-content: space-between;
  justify-content: space-between;
  overflow: hidden;
  white-space: nowrap;
  height: 1.5rem;
  text-align: center;
  background: #b7ffa3;
}

@media only screen and (min-width: 350px) {
  .emotion-14 {
    padding: 0.25rem;
    white-space: nowrap;
  }
}

@media only screen and (min-width: 500px) {
  .emotion-14 {
    display: -webkit-box;
    display: -webkit-flex;
    display: -ms-flexbox;
    display: flex;
    padding: 0 0.125rem;
    -webkit-box-flex: 7;
    -webkit-flex-grow: 7;
    -ms-flex-positive: 7;
    flex-grow: 7;
    height: 1.5rem;
    border-left: 3px solid #222;
  }
}

.emotion-14 button {
  -webkit-flex: 0 0 auto;
  -ms-flex: 0 0 auto;
  flex: 0 0 auto;
}

@media only screen and (min-width: 500px) {
  .emotion-14 {
    padding: 0.125rem;
  }
}

.emotion-18 {
  display: -webkit-box;
  display: -webkit-flex;
  display: -ms-flexbox;
  display: flex;
  -webkit-box-flex-flow: row nowrap;
  -webkit-flex-flow: row nowrap;
  -ms-flex-flow: row nowrap;
  flex-flow: row nowrap;
  -webkit-box-flex: 1;
  -webkit-flex-grow: 1;
  -ms-flex-positive: 1;
  flex-grow: 1;
  -webkit-flex-basis: 0;
  -ms-flex-preferred-size: 0;
  flex-basis: 0;
  padding: 0.25rem;
  position: relative;
  width: 100%;
  vertical-align: middle;
  text-align: left;
  height: 2rem;
  line-height: 1.5rem;
  -webkit-align-items: center;
  -webkit-box-align: center;
  -ms-flex-align: center;
  align-items: center;
  display: -webkit-inline-box;
  display: -webkit-inline-flex;
  display: -ms-inline-flexbox;
  display: inline-flex;
  -webkit-box-pack: justify;
  -webkit-justify-content: space-between;
  justify-content: space-between;
  overflow: hidden;
  white-space: nowrap;
  height: 1.5rem;
  text-align: center;
  background: #ffa3a3;
}

@media only screen and (min-width: 350px) {
  .emotion-18 {
    padding: 0.25rem;
    white-space: nowrap;
  }
}

@media only screen and (min-width: 500px) {
  .emotion-18 {
    display: -webkit-box;
    display: -webkit-flex;
    display: -ms-flexbox;
    display: flex;
    padding: 0 0.125rem;
    -webkit-box-flex: 7;
    -webkit-flex-grow: 7;
    -ms-flex-positive: 7;
    flex-grow: 7;
    height: 1.5rem;
  }
}

.emotion-18 button {
  -webkit-flex: 0 0 auto;
  -ms-flex: 0 0 auto;
  flex: 0 0 auto;
}

@media only screen and (min-width: 500px) {
  .emotion-18 {
    padding: 0.125rem;
  }
}

.emotion-22 {
  display: -webkit-box;
  display: -webkit-flex;
  display: -ms-flexbox;
  display: flex;
  -webkit-box-flex-flow: row nowrap;
  -webkit-flex-flow: row nowrap;
  -ms-flex-flow: row nowrap;
  flex-flow: row nowrap;
  -webkit-box-flex: 1;
  -webkit-flex-grow: 1;
  -ms-flex-positive: 1;
  flex-grow: 1;
  -webkit-flex-basis: 0;
  -ms-flex-preferred-size: 0;
  flex-basis: 0;
  padding: 0.25rem;
  position: relative;
  width: 100%;
  vertical-align: middle;
  text-align: left;
  height: 2rem;
  line-height: 1.5rem;
  -webkit-align-items: center;
  -webkit-box-align: center;
  -ms-flex-align: center;
  align-items: center;
  display: -webkit-inline-box;
  display: -webkit-inline-flex;
  display: -ms-inline-flexbox;
  display: inline-flex;
  -webkit-box-pack: justify;
  -webkit-justify-content: space-between;
  justify-content: space-between;
  overflow: hidden;
  white-space: nowrap;
  height: 1.5rem;
  text-align: center;
  background: #a3baff;
}

@media only screen and (min-width: 350px) {
  .emotion-22 {
    padding: 0.25rem;
    white-space: nowrap;
  }
}

@media only screen and (min-width: 500px) {
  .emotion-22 {
    display: -webkit-box;
    display: -webkit-flex;
    display: -ms-flexbox;
    display: flex;
    padding: 0 0.125rem;
    -webkit-box-flex: 12;
    -webkit-flex-grow: 12;
    -ms-flex-positive: 12;
    flex-grow: 12;
    height: 1.5rem;
  }
}

.emotion-22 button {
  -webkit-flex: 0 0 auto;
  -ms-flex: 0 0 auto;
  flex: 0 0 auto;
}

@media only screen and (min-width: 500px) {
  .emotion-22 {
    padding: 0.125rem;
  }
}

.emotion-26 {
  -webkit-flex: 1 1 auto;
  -ms-flex: 1 1 auto;
  flex: 1 1 auto;
  overflow-y: auto;
}

@media only screen and (min-width: 500px) {
  .emotion-26 {
    overflow-y: unset;
    overflow: hidden;
  }
}

@media only screen and (min-width: 1200px) {
  .emotion-26 {
    overflow: unset;
  }
}

.emotion-28 {
  display: -webkit-box;
  display: -webkit-flex;
  display: -ms-flexbox;
  display: flex;
  -webkit-box-flex-flow: row nowrap;
  -webkit-flex-flow: row nowrap;
  -ms-flex-flow: row nowrap;
  flex-flow: row nowrap;
  width: 100%;
  color: #333;
  font-style: italic;
}

@media only screen and (min-width: 500px) {
  .emotion-28 {
    font-size: 1rem;
  }
}

.emotion-30 {
  display: -webkit-box;
  display: -webkit-flex;
  display: -ms-flexbox;
  display: flex;
  -webkit-box-flex-flow: row nowrap;
  -webkit-flex-flow: row nowrap;
  -ms-flex-flow: row nowrap;
  flex-flow: row nowrap;
  -webkit-box-flex: 1;
  -webkit-flex-grow: 1;
  -ms-flex-positive: 1;
  flex-grow: 1;
  -webkit-flex-basis: 0;
  -ms-flex-preferred-size: 0;
  flex-basis: 0;
  padding: 0.25rem;
  position: relative;
  width: 100%;
  vertical-align: middle;
  text-align: left;
  height: 2rem;
  line-height: 1.5rem;
  background: #eaeaea;
}

@media only screen and (min-width: 350px) {
  .emotion-30 {
    padding: 0.25rem;
    white-space: nowrap;
  }
}

@media only screen and (min-width: 500px) {
  .emotion-30 {
    display: -webkit-box;
    display: -webkit-flex;
    display: -ms-flexbox;
    display: flex;
    padding: 0 0.125rem;
    -webkit-box-flex: 10;
    -webkit-flex-grow: 10;
    -ms-flex-positive: 10;
    flex-grow: 10;
    height: 1.5rem;
    height: 1rem;
    line-height: 1.125rem;
    font-size: 0.8125rem;
  }
}

.emotion-32 {
  display: -webkit-box;
  display: -webkit-flex;
  display: -ms-flexbox;
  display: flex;
  -webkit-box-flex-flow: row nowrap;
  -webkit-flex-flow: row nowrap;
  -ms-flex-flow: row nowrap;
  flex-flow: row nowrap;
  -webkit-box-flex: 1;
  -webkit-flex-grow: 1;
  -ms-flex-positive: 1;
  flex-grow: 1;
  -webkit-flex-basis: 0;
  -ms-flex-preferred-size: 0;
  flex-basis: 0;
  padding: 0.25rem;
  position: relative;
  width: 100%;
  vertical-align: middle;
  text-align: left;
  height: 2rem;
  line-height: 1.5rem;
}

@media only screen and (min-width: 350px) {
  .emotion-32 {
    padding: 0.25rem;
    white-space: nowrap;
  }
}

@media only screen and (min-width: 500px) {
  .emotion-32 {
    display: -webkit-box;
    display: -webkit-flex;
    display: -ms-flexbox;
    display: flex;
    padding: 0 0.125rem;
    -webkit-box-flex: 7;
    -webkit-flex-grow: 7;
    -ms-flex-positive: 7;
    flex-grow: 7;
    height: 1.5rem;
    height: 1rem;
    line-height: 1.125rem;
    font-size: 0.8125rem;
    border-left: 3px solid #222;
  }
}

.emotion-34 {
  outline: none;
}

@media only screen and (min-width: 500px) {
  .emotion-34:hover .emotion-37,
  .emotion-34:focus .emotion-37 {
    display: none;
  }

  .emotion-34:hover .emotion-39,
  .emotion-34:focus .emotion-39 {
    display: block;
  }
}

@media only screen and (min-width: 500px) {
  .emotion-36 {
    position: absolute;
    left: 0;
    padding: 0 0.125rem;
    top: 0;
  }
}

.emotion-38 {
  display: none;
}

@media only screen and (min-width: 500px) {
  .emotion-38 {
    position: absolute;
    left: 0;
    padding: 0 0.125rem;
    top: 0;
  }
}

@media only screen and (min-width: 500px) {
  .emotion-38 {
    background: rgba(255,255,255,0.8);
  }
}

.emotion-40 {
  display: -webkit-box;
  display: -webkit-flex;
  display: -ms-flexbox;
  display: flex;
  -webkit-box-flex-flow: row nowrap;
  -webkit-flex-flow: row nowrap;
  -ms-flex-flow: row nowrap;
  flex-flow: row nowrap;
  -webkit-box-flex: 1;
  -webkit-flex-grow: 1;
  -ms-flex-positive: 1;
  flex-grow: 1;
  -webkit-flex-basis: 0;
  -ms-flex-preferred-size: 0;
  flex-basis: 0;
  padding: 0.25rem;
  position: relative;
  width: 100%;
  vertical-align: middle;
  text-align: left;
  height: 2rem;
  line-height: 1.5rem;
}

@media only screen and (min-width: 350px) {
  .emotion-40 {
    padding: 0.25rem;
    white-space: nowrap;
  }
}

@media only screen and (min-width: 500px) {
  .emotion-40 {
    display: -webkit-box;
    display: -webkit-flex;
    display: -ms-flexbox;
    display: flex;
    padding: 0 0.125rem;
    -webkit-box-flex: 7;
    -webkit-flex-grow: 7;
    -ms-flex-positive: 7;
    flex-grow: 7;
    height: 1.5rem;
    height: 1rem;
    line-height: 1.125rem;
    font-size: 0.8125rem;
  }
}

.emotion-48 {
  display: -webkit-box;
  display: -webkit-flex;
  display: -ms-flexbox;
  display: flex;
  -webkit-box-flex-flow: row nowrap;
  -webkit-flex-flow: row nowrap;
  -ms-flex-flow: row nowrap;
  flex-flow: row nowrap;
  -webkit-box-flex: 1;
  -webkit-flex-grow: 1;
  -ms-flex-positive: 1;
  flex-grow: 1;
  -webkit-flex-basis: 0;
  -ms-flex-preferred-size: 0;
  flex-basis: 0;
  padding: 0.25rem;
  position: relative;
  width: 100%;
  vertical-align: middle;
  text-align: left;
  height: 2rem;
  line-height: 1.5rem;
}

@media only screen and (min-width: 350px) {
  .emotion-48 {
    padding: 0.25rem;
    white-space: nowrap;
  }
}

@media only screen and (min-width: 500px) {
  .emotion-48 {
    display: -webkit-box;
    display: -webkit-flex;
    display: -ms-flexbox;
    display: flex;
    padding: 0 0.125rem;
    -webkit-box-flex: 12;
    -webkit-flex-grow: 12;
    -ms-flex-positive: 12;
    flex-grow: 12;
    height: 1.5rem;
    height: 1rem;
    line-height: 1.125rem;
    font-size: 0.8125rem;
  }
}

.emotion-84 {
  display: -webkit-box;
  display: -webkit-flex;
  display: -ms-flexbox;
  display: flex;
  -webkit-box-flex-flow: row nowrap;
  -webkit-flex-flow: row nowrap;
  -ms-flex-flow: row nowrap;
  flex-flow: row nowrap;
  width: 100%;
  font-weight: bold;
}

@media only screen and (min-width: 500px) {
  .emotion-84 {
    font-size: 1rem;
    font-weight: bold;
    font-size: 0.875rem;
  }
}

@media only screen and (min-width: 1200px) {
  .emotion-84 {
    font-size: 1rem;
  }
}

.emotion-86 {
  display: -webkit-box;
  display: -webkit-flex;
  display: -ms-flexbox;
  display: flex;
  -webkit-box-flex-flow: row nowrap;
  -webkit-flex-flow: row nowrap;
  -ms-flex-flow: row nowrap;
  flex-flow: row nowrap;
  -webkit-box-flex: 1;
  -webkit-flex-grow: 1;
  -ms-flex-positive: 1;
  flex-grow: 1;
  -webkit-flex-basis: 0;
  -ms-flex-preferred-size: 0;
  flex-basis: 0;
  padding: 0.25rem;
  position: relative;
  width: 100%;
  vertical-align: middle;
  text-align: left;
  height: 2rem;
  line-height: 1.5rem;
  font-weight: bold;
  background: #093;
  color: #fff;
}

@media only screen and (min-width: 350px) {
  .emotion-86 {
    padding: 0.25rem;
    white-space: nowrap;
  }
}

@media only screen and (min-width: 500px) {
  .emotion-86 {
    display: -webkit-box;
    display: -webkit-flex;
    display: -ms-flexbox;
    display: flex;
    padding: 0 0.125rem;
    -webkit-box-flex: 10;
    -webkit-flex-grow: 10;
    -ms-flex-positive: 10;
    flex-grow: 10;
    height: 1.5rem;
    line-height: 1.625rem;
  }
}

.emotion-88 {
  display: -webkit-box;
  display: -webkit-flex;
  display: -ms-flexbox;
  display: flex;
  -webkit-box-flex-flow: row nowrap;
  -webkit-flex-flow: row nowrap;
  -ms-flex-flow: row nowrap;
  flex-flow: row nowrap;
  -webkit-box-flex: 1;
  -webkit-flex-grow: 1;
  -ms-flex-positive: 1;
  flex-grow: 1;
  -webkit-flex-basis: 0;
  -ms-flex-preferred-size: 0;
  flex-basis: 0;
  padding: 0.25rem;
  position: relative;
  width: 100%;
  vertical-align: middle;
  text-align: left;
  height: 2rem;
  line-height: 1.5rem;
  font-weight: bold;
}

@media only screen and (min-width: 350px) {
  .emotion-88 {
    padding: 0.25rem;
    white-space: nowrap;
  }
}

@media only screen and (min-width: 500px) {
  .emotion-88 {
    display: -webkit-box;
    display: -webkit-flex;
    display: -ms-flexbox;
    display: flex;
    padding: 0 0.125rem;
    -webkit-box-flex: 7;
    -webkit-flex-grow: 7;
    -ms-flex-positive: 7;
    flex-grow: 7;
    height: 1.5rem;
    line-height: 1.625rem;
    border-left: 3px solid #222;
  }
}

.emotion-96 {
  display: -webkit-box;
  display: -webkit-flex;
  display: -ms-flexbox;
  display: flex;
  -webkit-box-flex-flow: row nowrap;
  -webkit-flex-flow: row nowrap;
  -ms-flex-flow: row nowrap;
  flex-flow: row nowrap;
  -webkit-box-flex: 1;
  -webkit-flex-grow: 1;
  -ms-flex-positive: 1;
  flex-grow: 1;
  -webkit-flex-basis: 0;
  -ms-flex-preferred-size: 0;
  flex-basis: 0;
  padding: 0.25rem;
  position: relative;
  width: 100%;
  vertical-align: middle;
  text-align: left;
  height: 2rem;
  line-height: 1.5rem;
  font-weight: bold;
}

@media only screen and (min-width: 350px) {
  .emotion-96 {
    padding: 0.25rem;
    white-space: nowrap;
  }
}

@media only screen and (min-width: 500px) {
  .emotion-96 {
    display: -webkit-box;
    display: -webkit-flex;
    display: -ms-flexbox;
    display: flex;
    padding: 0 0.125rem;
    -webkit-box-flex: 7;
    -webkit-flex-grow: 7;
    -ms-flex-positive: 7;
    flex-grow: 7;
    height: 1.5rem;
    line-height: 1.625rem;
  }
}

.emotion-104 {
  display: -webkit-box;
  display: -webkit-flex;
  display: -ms-flexbox;
  display: flex;
  -webkit-box-flex-flow: row nowrap;
  -webkit-flex-flow: row nowrap;
  -ms-flex-flow: row nowrap;
  flex-flow: row nowrap;
  -webkit-box-flex: 1;
  -webkit-flex-grow: 1;
  -ms-flex-positive: 1;
  flex-grow: 1;
  -webkit-flex-basis: 0;
  -ms-flex-preferred-size: 0;
  flex-basis: 0;
  padding: 0.25rem;
  position: relative;
  width: 100%;
  vertical-align: middle;
  text-align: left;
  height: 2rem;
  line-height: 1.5rem;
  font-weight: bold;
}

@media only screen and (min-width: 350px) {
  .emotion-104 {
    padding: 0.25rem;
    white-space: nowrap;
  }
}

@media only screen and (min-width: 500px) {
  .emotion-104 {
    display: -webkit-box;
    display: -webkit-flex;
    display: -ms-flexbox;
    display: flex;
    padding: 0 0.125rem;
    -webkit-box-flex: 12;
    -webkit-flex-grow: 12;
    -ms-flex-positive: 12;
    flex-grow: 12;
    height: 1.5rem;
    line-height: 1.625rem;
  }
}

.emotion-112 {
  display: -webkit-box;
  display: -webkit-flex;
  display: -ms-flexbox;
  display: flex;
  -webkit-box-flex-flow: row nowrap;
  -webkit-flex-flow: row nowrap;
  -ms-flex-flow: row nowrap;
  flex-flow: row nowrap;
  width: 100%;
}

@media only screen and (min-width: 500px) {
  .emotion-112 {
    font-size: 1rem;
    font-size: 0.875rem;
  }
}

@media only screen and (min-width: 1200px) {
  .emotion-112 {
    font-size: 1rem;
  }
}

.emotion-114 {
  display: -webkit-box;
  display: -webkit-flex;
  display: -ms-flexbox;
  display: flex;
  -webkit-box-flex-flow: row nowrap;
  -webkit-flex-flow: row nowrap;
  -ms-flex-flow: row nowrap;
  flex-flow: row nowrap;
  -webkit-box-flex: 1;
  -webkit-flex-grow: 1;
  -ms-flex-positive: 1;
  flex-grow: 1;
  -webkit-flex-basis: 0;
  -ms-flex-preferred-size: 0;
  flex-basis: 0;
  padding: 0.25rem;
  position: relative;
  width: 100%;
  vertical-align: middle;
  text-align: left;
  height: 2rem;
  line-height: 1.5rem;
}

background:#fbe07f@media only screen and (min-width: 350px) {
  .emotion-114 {
    padding: 0.25rem;
    white-space: nowrap;
  }
}

@media only screen and (min-width: 500px) {
  .emotion-114 {
    display: -webkit-box;
    display: -webkit-flex;
    display: -ms-flexbox;
    display: flex;
    padding: 0 0.125rem;
    -webkit-box-flex: 10;
    -webkit-flex-grow: 10;
    -ms-flex-positive: 10;
    flex-grow: 10;
    height: 1.5rem;
    line-height: 1.625rem;
  }
}

.emotion-116 {
  display: -webkit-box;
  display: -webkit-flex;
  display: -ms-flexbox;
  display: flex;
  -webkit-box-flex-flow: row nowrap;
  -webkit-flex-flow: row nowrap;
  -ms-flex-flow: row nowrap;
  flex-flow: row nowrap;
  -webkit-box-flex: 1;
  -webkit-flex-grow: 1;
  -ms-flex-positive: 1;
  flex-grow: 1;
  -webkit-flex-basis: 0;
  -ms-flex-preferred-size: 0;
  flex-basis: 0;
  padding: 0.25rem;
  position: relative;
  width: 100%;
  vertical-align: middle;
  text-align: left;
  height: 2rem;
  line-height: 1.5rem;
}

@media only screen and (min-width: 350px) {
  .emotion-116 {
    padding: 0.25rem;
    white-space: nowrap;
  }
}

@media only screen and (min-width: 500px) {
  .emotion-116 {
    display: -webkit-box;
    display: -webkit-flex;
    display: -ms-flexbox;
    display: flex;
    padding: 0 0.125rem;
    -webkit-box-flex: 7;
    -webkit-flex-grow: 7;
    -ms-flex-positive: 7;
    flex-grow: 7;
    height: 1.5rem;
    line-height: 1.625rem;
    border-left: 3px solid #222;
  }
}

.emotion-124 {
  display: -webkit-box;
  display: -webkit-flex;
  display: -ms-flexbox;
  display: flex;
  -webkit-box-flex-flow: row nowrap;
  -webkit-flex-flow: row nowrap;
  -ms-flex-flow: row nowrap;
  flex-flow: row nowrap;
  -webkit-box-flex: 1;
  -webkit-flex-grow: 1;
  -ms-flex-positive: 1;
  flex-grow: 1;
  -webkit-flex-basis: 0;
  -ms-flex-preferred-size: 0;
  flex-basis: 0;
  padding: 0.25rem;
  position: relative;
  width: 100%;
  vertical-align: middle;
  text-align: left;
  height: 2rem;
  line-height: 1.5rem;
}

@media only screen and (min-width: 350px) {
  .emotion-124 {
    padding: 0.25rem;
    white-space: nowrap;
  }
}

@media only screen and (min-width: 500px) {
  .emotion-124 {
    display: -webkit-box;
    display: -webkit-flex;
    display: -ms-flexbox;
    display: flex;
    padding: 0 0.125rem;
    -webkit-box-flex: 7;
    -webkit-flex-grow: 7;
    -ms-flex-positive: 7;
    flex-grow: 7;
    height: 1.5rem;
    line-height: 1.625rem;
  }
}

.emotion-132 {
  display: -webkit-box;
  display: -webkit-flex;
  display: -ms-flexbox;
  display: flex;
  -webkit-box-flex-flow: row nowrap;
  -webkit-flex-flow: row nowrap;
  -ms-flex-flow: row nowrap;
  flex-flow: row nowrap;
  -webkit-box-flex: 1;
  -webkit-flex-grow: 1;
  -ms-flex-positive: 1;
  flex-grow: 1;
  -webkit-flex-basis: 0;
  -ms-flex-preferred-size: 0;
  flex-basis: 0;
  padding: 0.25rem;
  position: relative;
  width: 100%;
  vertical-align: middle;
  text-align: left;
  height: 2rem;
  line-height: 1.5rem;
}

@media only screen and (min-width: 350px) {
  .emotion-132 {
    padding: 0.25rem;
    white-space: nowrap;
  }
}

@media only screen and (min-width: 500px) {
  .emotion-132 {
    display: -webkit-box;
    display: -webkit-flex;
    display: -ms-flexbox;
    display: flex;
    padding: 0 0.125rem;
    -webkit-box-flex: 12;
    -webkit-flex-grow: 12;
    -ms-flex-positive: 12;
    flex-grow: 12;
    height: 1.5rem;
    line-height: 1.625rem;
  }
}

<div
  class="emotion-0 emotion-1"
  data-testid="overview-table"
>
  <div
    class="emotion-2 emotion-3"
  >
    <div
      class="emotion-4 emotion-5"
    >
      <span
        class="emotion-6 emotion-7"
      >
        Month
      </span>
      <a
        href="/buckets"
        style="text-decoration: none;"
      >
        <span
          class="emotion-8 emotion-9"
        />
      </a>
      <button
        class="emotion-10 emotion-11"
      >
        <span
          class="emotion-12 emotion-13"
        />
      </button>
    </div>
    <div
      class="emotion-14 emotion-5"
    >
      <span
        class="emotion-6 emotion-7"
      >
        Income
      </span>
    </div>
    <div
      class="emotion-18 emotion-5"
    >
      <span
        class="emotion-6 emotion-7"
      >
        Out
      </span>
    </div>
    <div
      class="emotion-22 emotion-5"
    >
      <a
        class="emotion-6 emotion-7"
        href="/net-worth"
      >
        Net Worth
      </a>
    </div>
  </div>
  <div
    class="emotion-26 emotion-27"
  >
    <div
      class="emotion-28 emotion-29"
    >
      <div
        class="emotion-30 emotion-31"
      >
        Jan-18
      </div>
      <div
        class="emotion-32 emotion-31"
        style="background-color: rgb(36, 191, 55);"
      >
        <span
          class="emotion-34 emotion-35"
          tabindex="0"
        >
          <span
            class="emotion-36 emotion-37"
          >
            £20.00
          </span>
          <span
            class="emotion-38 emotion-39"
          >
            £20.00
          </span>
        </span>
      </div>
      <div
        class="emotion-40 emotion-31"
        style="background-color: rgb(213, 110, 110);"
      >
        <span
          class="emotion-34 emotion-35"
          tabindex="0"
        >
          <span
            class="emotion-36 emotion-37"
          >
            £12.60
          </span>
          <span
            class="emotion-38 emotion-39"
          >
            £12.60
          </span>
        </span>
      </div>
      <div
        class="emotion-48 emotion-31"
        style="background-color: rgb(255, 255, 255);"
      >
        <span
          class="emotion-34 emotion-35"
          tabindex="0"
        >
          <span
            class="emotion-36 emotion-37"
          >
            £16.8k
          </span>
          <span
            class="emotion-38 emotion-39"
          >
            £16,805.00
          </span>
        </span>
      </div>
    </div>
    <div
      class="emotion-28 emotion-29"
    >
      <div
        class="emotion-30 emotion-31"
      >
        Feb-18
      </div>
      <div
        class="emotion-32 emotion-31"
        style="background-color: rgb(71, 201, 87);"
      >
        <span
          class="emotion-34 emotion-35"
          tabindex="0"
        >
          <span
            class="emotion-36 emotion-37"
          >
            £19.00
          </span>
          <span
            class="emotion-38 emotion-39"
          >
            £19.00
          </span>
        </span>
      </div>
      <div
        class="emotion-40 emotion-31"
        style="background-color: rgb(191, 36, 36);"
      >
        <span
          class="emotion-34 emotion-35"
          tabindex="0"
        >
          <span
            class="emotion-36 emotion-37"
          >
            £20.68
          </span>
          <span
            class="emotion-38 emotion-39"
          >
            £20.68
          </span>
        </span>
      </div>
      <div
        class="emotion-48 emotion-31"
        style="background-color: rgb(36, 191, 55);"
      >
        <span
          class="emotion-34 emotion-35"
          tabindex="0"
        >
          <span
            class="emotion-36 emotion-37"
          >
            £45k
          </span>
          <span
            class="emotion-38 emotion-39"
          >
            £45,017.98
          </span>
        </span>
      </div>
    </div>
    <div
      class="emotion-84 emotion-29"
    >
      <div
        class="emotion-86 emotion-31"
      >
        Mar-18
      </div>
      <div
        class="emotion-88 emotion-31"
        style="background-color: rgb(255, 255, 255);"
      >
        <span
          class="emotion-34 emotion-35"
          tabindex="0"
        >
          <span
            class="emotion-36 emotion-37"
          >
            £15.00
          </span>
          <span
            class="emotion-38 emotion-39"
          >
            £15.00
          </span>
        </span>
      </div>
      <div
        class="emotion-96 emotion-31"
        style="background-color: rgb(223, 146, 146);"
      >
        <span
          class="emotion-34 emotion-35"
          tabindex="0"
        >
          <span
            class="emotion-36 emotion-37"
          >
            £8.73
          </span>
          <span
            class="emotion-38 emotion-39"
          >
            £8.73
          </span>
        </span>
      </div>
      <div
        class="emotion-104 emotion-31"
        style="background-color: rgb(56, 197, 73);"
      >
        <span
          class="emotion-34 emotion-35"
          tabindex="0"
        >
          <span
            class="emotion-36 emotion-37"
          >
            £42.5k
          </span>
          <span
            class="emotion-38 emotion-39"
          >
            £42,488.48
          </span>
        </span>
      </div>
    </div>
    <div
      class="emotion-112 emotion-29"
    >
      <div
        class="emotion-114 emotion-31"
      >
        Apr-18
      </div>
      <div
        class="emotion-116 emotion-31"
        style="background-color: rgb(146, 223, 155);"
      >
        <span
          class="emotion-34 emotion-35"
          tabindex="0"
        >
          <span
            class="emotion-36 emotion-37"
          >
            £16.86
          </span>
          <span
            class="emotion-38 emotion-39"
          >
            £16.86
          </span>
        </span>
      </div>
      <div
        class="emotion-124 emotion-31"
        style="background-color: rgb(221, 139, 139);"
      >
        <span
          class="emotion-34 emotion-35"
          tabindex="0"
        >
          <span
            class="emotion-36 emotion-37"
          >
            £9.48
          </span>
          <span
            class="emotion-38 emotion-39"
          >
            £9.48
          </span>
        </span>
      </div>
      <div
        class="emotion-132 emotion-31"
        style="background-color: rgb(45, 194, 63);"
      >
        <span
          class="emotion-34 emotion-35"
          tabindex="0"
        >
          <span
            class="emotion-36 emotion-37"
          >
            £43.9k
          </span>
          <span
            class="emotion-38 emotion-39"
          >
            £43,898.48
          </span>
        </span>
      </div>
    </div>
    <div
      class="emotion-112 emotion-29"
    >
      <div
        class="emotion-114 emotion-31"
      >
        May-18
      </div>
      <div
        class="emotion-116 emotion-31"
        style="background-color: rgb(146, 223, 155);"
      >
        <span
          class="emotion-34 emotion-35"
          tabindex="0"
        >
          <span
            class="emotion-36 emotion-37"
          >
            £16.86
          </span>
          <span
            class="emotion-38 emotion-39"
          >
            £16.86
          </span>
        </span>
      </div>
      <div
        class="emotion-124 emotion-31"
        style="background-color: rgb(255, 255, 255);"
      >
        <span
          class="emotion-34 emotion-35"
          tabindex="0"
        >
          <span
            class="emotion-36 emotion-37"
          >
            £2.98
          </span>
          <span
            class="emotion-38 emotion-39"
          >
            £2.98
          </span>
        </span>
      </div>
      <div
        class="emotion-132 emotion-31"
        style="background-color: rgb(36, 191, 55);"
      >
        <span
          class="emotion-34 emotion-35"
          tabindex="0"
        >
          <span
            class="emotion-36 emotion-37"
          >
            £45.3k
          </span>
          <span
            class="emotion-38 emotion-39"
          >
            £45,320.78
          </span>
        </span>
      </div>
    </div>
    <div
      class="emotion-112 emotion-29"
    >
      <div
        class="emotion-114 emotion-31"
      >
        Jun-18
      </div>
      <div
        class="emotion-116 emotion-31"
        style="background-color: rgb(146, 223, 155);"
      >
        <span
          class="emotion-34 emotion-35"
          tabindex="0"
        >
          <span
            class="emotion-36 emotion-37"
          >
            £16.86
          </span>
          <span
            class="emotion-38 emotion-39"
          >
            £16.86
          </span>
        </span>
      </div>
      <div
        class="emotion-124 emotion-31"
        style="background-color: rgb(255, 255, 255);"
      >
        <span
          class="emotion-34 emotion-35"
          tabindex="0"
        >
          <span
            class="emotion-36 emotion-37"
          >
            £2.98
          </span>
          <span
            class="emotion-38 emotion-39"
          >
            £2.98
          </span>
        </span>
      </div>
      <div
        class="emotion-132 emotion-31"
        style="background-color: rgb(36, 191, 55);"
      >
        <span
          class="emotion-34 emotion-35"
          tabindex="0"
        >
          <span
            class="emotion-36 emotion-37"
          >
            £46.7k
          </span>
          <span
            class="emotion-38 emotion-39"
          >
            £46,748.93
          </span>
        </span>
      </div>
    </div>
    <div
      class="emotion-112 emotion-29"
    >
      <div
        class="emotion-114 emotion-31"
      >
        Jul-18
      </div>
      <div
        class="emotion-116 emotion-31"
        style="background-color: rgb(146, 223, 155);"
      >
        <span
          class="emotion-34 emotion-35"
          tabindex="0"
        >
          <span
            class="emotion-36 emotion-37"
          >
            £16.86
          </span>
          <span
            class="emotion-38 emotion-39"
          >
            £16.86
          </span>
        </span>
      </div>
      <div
        class="emotion-124 emotion-31"
        style="background-color: rgb(255, 255, 255);"
      >
        <span
          class="emotion-34 emotion-35"
          tabindex="0"
        >
          <span
            class="emotion-36 emotion-37"
          >
            £2.98
          </span>
          <span
            class="emotion-38 emotion-39"
          >
            £2.98
          </span>
        </span>
      </div>
      <div
        class="emotion-132 emotion-31"
        style="background-color: rgb(36, 191, 55);"
      >
        <span
          class="emotion-34 emotion-35"
          tabindex="0"
        >
          <span
            class="emotion-36 emotion-37"
          >
            £48.2k
          </span>
          <span
            class="emotion-38 emotion-39"
          >
            £48,182.94
          </span>
        </span>
      </div>
    </div>
  </div>
</div>
`;

exports[`<PageOverview /> should render graphs 1`] = `
.emotion-0 {
  -webkit-flex: 0 0 auto;
  -ms-flex: 0 0 auto;
  flex: 0 0 auto;
  height: 240px;
  box-shadow: 0 -2px 6px rgba(0,0,0,0.2);
  z-index: 10;
  overflow: hidden;
}

.emotion-0 .emotion-3 {
  overflow: hidden;
}

@media only screen and (min-width: 500px) {
  .emotion-0 {
    display: -webkit-box;
    display: -webkit-flex;
    display: -ms-flexbox;
    display: flex;
    width: 100%;
    -webkit-box-flex-flow: row wrap;
    -webkit-flex-flow: row wrap;
    -ms-flex-flow: row wrap;
    flex-flow: row wrap;
    -webkit-align-items: center;
    -webkit-box-align: center;
    -ms-flex-align: center;
    align-items: center;
    -webkit-box-pack: space-evenly;
    -ms-flex-pack: space-evenly;
    -webkit-justify-content: space-evenly;
    justify-content: space-evenly;
  }

  .emotion-0 .emotion-3 {
    position: relative;
    overflow: hidden;
  }
}

@media only screen and (min-width: 500px) {
  .emotion-0 {
    display: -webkit-box;
    display: -webkit-flex;
    display: -ms-flexbox;
    display: flex;
    -webkit-flex: 0 0 300px;
    -ms-flex: 0 0 300px;
    flex: 0 0 300px;
    height: 300px;
    box-shadow: none;
  }
}

@media only screen and (min-width: 1200px) {
  .emotion-0 {
    -webkit-flex: 0 1 520px;
    -ms-flex: 0 1 520px;
    flex: 0 1 520px;
    -webkit-box-pack: center;
    -ms-flex-pack: center;
    -webkit-justify-content: center;
    justify-content: center;
    -webkit-align-items: center;
    -webkit-box-align: center;
    -ms-flex-align: center;
    align-items: center;
    overflow-y: auto;
    height: auto;
    max-height: 640px;
  }
}

.emotion-2 {
  width: 100%;
  position: relative;
  -webkit-user-select: none;
  -moz-user-select: none;
  -ms-user-select: none;
  user-select: none;
  z-index: 2;
}

.enskbpv7 .emotion-2 {
  position: relative;
  height: 125px;
}

@media only screen and (min-width: 500px) {
  .enskbpv7 .emotion-2 {
    height: 100%;
  }
}

@media only screen and (min-width: 500px) {
  .emotion-2 {
    display: inline-block;
    position: static;
    width: 500px;
    height: 300px;
    background: rgba(255,255,255,0.95);
    box-shadow: 0 3px 10px rgba(0,0,0,0.2);
  }

  .ebevqek0 .emotion-2 {
    z-index: 10;
    width: 100px;
    height: 100%;
    position: static;
    background: transparent;
    box-shadow: none;
  }
}

@media only screen and (min-width: 1200px) {
  .emotion-2 {
    display: block;
  }
}

.emotion-4 {
  -webkit-appearance: none;
  -moz-appearance: none;
  -ms-appearance: none;
  appearance: none;
  font: inherit;
  -webkit-align-items: center;
  -webkit-box-align: center;
  -ms-flex-align: center;
  align-items: center;
  background: rgba(255,255,255,0.6);
  cursor: pointer;
  display: -webkit-box;
  display: -webkit-flex;
  display: -ms-flexbox;
  display: flex;
  -webkit-box-flex-flow: column;
  -webkit-flex-flow: column;
  -ms-flex-flow: column;
  flex-flow: column;
  -webkit-box-pack: center;
  -ms-flex-pack: center;
  -webkit-justify-content: center;
  justify-content: center;
  height: 1.5rem;
  padding: 0;
  width: 1.5rem;
  position: absolute;
  right: 0;
  top: 0;
  z-index: 10;
}

.emotion-4,
.emotion-4:active,
.emotion-4:focus,
.emotion-4:hover {
  background: none;
  border: none;
  outline: none;
}

@media only screen and (min-width: 500px) {
  .emotion-4 {
    right: 0rem;
    -webkit-transition: 0.1s right ease;
    transition: 0.1s right ease;
  }
}

.emotion-6,
.emotion-6::before,
.emotion-6::after {
  background: #000;
  height: 0.125rem;
  width: 1rem;
}

.emotion-6::before,
.emotion-6::after {
  content: '';
  display: block;
}

.emotion-6::before {
  margin-top: -0.375rem;
}

.emotion-6::after {
  margin-top: 0.625rem;
}

.emotion-8 {
  display: -webkit-box;
  display: -webkit-flex;
  display: -ms-flexbox;
  display: flex;
  -webkit-box-flex-flow: column;
  -webkit-flex-flow: column;
  -ms-flex-flow: column;
  flex-flow: column;
  -webkit-align-items: center;
  -webkit-box-align: center;
  -ms-flex-align: center;
  align-items: center;
  background: rgba(255,255,255,0.95);
  border-radius: 0.375rem;
  display: -webkit-box;
  display: -webkit-flex;
  display: -ms-flexbox;
  display: flex;
  left: 50%;
  -webkit-box-pack: space-around;
  -ms-flex-pack: space-around;
  -webkit-justify-content: space-around;
  justify-content: space-around;
  padding: 0.625rem 0.3125rem;
  position: fixed;
  top: 50%;
  -webkit-transform: translateX(-50%) translateY(-50%);
  -moz-transform: translateX(-50%) translateY(-50%);
  -ms-transform: translateX(-50%) translateY(-50%);
  transform: translateX(-50%) translateY(-50%);
  width: 14.375rem;
  z-index: 101;
  display: none;
}

.emotion-8 h3 {
  font-size: 1rem;
  margin: 0.25rem 0 0.5rem 0;
}

@media only screen and (min-width: 500px) {
  .emotion-8 {
    background: rgba(255,255,255,0.2);
    display: -webkit-box;
    display: -webkit-flex;
    display: -ms-flexbox;
    display: flex;
    -webkit-box-flex-flow: column;
    -webkit-flex-flow: column;
    -ms-flex-flow: column;
    flex-flow: column;
    height: 100%;
    -webkit-box-pack: start;
    -ms-flex-pack: start;
    -webkit-justify-content: flex-start;
    justify-content: flex-start;
    left: initial;
    overflow-y: auto;
    padding: 0;
    position: absolute;
    right: -8rem;
    top: 0;
    -webkit-transform: none;
    -moz-transform: none;
    -ms-transform: none;
    transform: none;
    -webkit-transition: 0.1s right ease;
    transition: 0.1s right ease;
    width: 8rem;
    z-index: 9;
  }

  .emotion-8 .emotion-11 {
    width: 100%;
  }
}

.emotion-10 {
  display: grid;
  -webkit-flex: 1;
  -ms-flex: 1;
  flex: 1;
  grid-template-columns: 40% 60%;
  margin-bottom: 0.25rem;
  padding: 0.25rem 0.25rem;
  width: 100%;
}

@media only screen and (min-width: 500px) {
  .emotion-10 {
    display: inline;
    -webkit-flex: 0 0 auto;
    -ms-flex: 0 0 auto;
    flex: 0 0 auto;
    margin: 0 0 0.25rem 0;
    padding: 0;
    width: auto;
  }
}

.emotion-12 {
  display: -webkit-box;
  display: -webkit-flex;
  display: -ms-flexbox;
  display: flex;
  -webkit-align-items: center;
  -webkit-box-align: center;
  -ms-flex-align: center;
  align-items: center;
  grid-column: 1/span 2;
}

.emotion-14 {
  display: -webkit-box;
  display: -webkit-flex;
  display: -ms-flexbox;
  display: flex;
  -webkit-align-items: center;
  -webkit-box-align: center;
  -ms-flex-align: center;
  align-items: center;
  background: rgba(255,255,255,0.6);
  cursor: pointer;
  font-size: 0.875rem;
  line-height: 100%;
  padding: 0.125rem 0.25rem;
}

.emotion-16 {
  height: 1.25rem;
  margin-left: 0.25rem;
  position: relative;
  width: 1.25rem;
}

.emotion-16:before {
  left: 0.25rem;
  top: 0.25rem;
  width: 0.75rem;
  height: 0.75rem;
  box-shadow: 0 0 0 1px black;
}

.emotion-16:after {
  left: 0.4375rem;
  top: 0.4375rem;
  width: 0.375rem;
  height: 0.375rem;
}

.emotion-16:before,
.emotion-16:after {
  content: '';
  position: absolute;
  border-radius: 100%;
}

<div
  class="emotion-0 emotion-1"
  data-testid="graph-overview"
>
  <div
    class="emotion-2 emotion-3"
    height="300"
    width="500"
  >
    <svg
      data-testid="graph-svg"
      height="300"
      width="500"
    >
      <g>
        <g>
          <g>
            <line
              stroke="#999"
              stroke-width="1"
              x1="0"
              x2="500"
              y1="300.5"
              y2="300.5"
            />
            <line
              stroke="#999"
              stroke-width="1"
              x1="0"
              x2="500"
              y1="213.5"
              y2="213.5"
            />
            <line
              stroke="#999"
              stroke-width="1"
              x1="0"
              x2="500"
              y1="126.5"
              y2="126.5"
            />
            <line
              stroke="#999"
              stroke-width="1"
              x1="0"
              x2="500"
              y1="40.5"
              y2="40.5"
            />
          </g>
          <g>
            <line
              stroke="#eaeaea"
              stroke-width="1"
              x1="0"
              x2="500"
              y1="282.5"
              y2="282.5"
            />
            <line
              stroke="#eaeaea"
              stroke-width="1"
              x1="0"
              x2="500"
              y1="265.5"
              y2="265.5"
            />
            <line
              stroke="#eaeaea"
              stroke-width="1"
              x1="0"
              x2="500"
              y1="248.5"
              y2="248.5"
            />
            <line
              stroke="#eaeaea"
              stroke-width="1"
              x1="0"
              x2="500"
              y1="230.5"
              y2="230.5"
            />
            <line
              stroke="#eaeaea"
              stroke-width="1"
              x1="0"
              x2="500"
              y1="196.5"
              y2="196.5"
            />
            <line
              stroke="#eaeaea"
              stroke-width="1"
              x1="0"
              x2="500"
              y1="178.5"
              y2="178.5"
            />
            <line
              stroke="#eaeaea"
              stroke-width="1"
              x1="0"
              x2="500"
              y1="161.5"
              y2="161.5"
            />
            <line
              stroke="#eaeaea"
              stroke-width="1"
              x1="0"
              x2="500"
              y1="144.5"
              y2="144.5"
            />
            <line
              stroke="#eaeaea"
              stroke-width="1"
              x1="0"
              x2="500"
              y1="109.5"
              y2="109.5"
            />
            <line
              stroke="#eaeaea"
              stroke-width="1"
              x1="0"
              x2="500"
              y1="92.5"
              y2="92.5"
            />
            <line
              stroke="#eaeaea"
              stroke-width="1"
              x1="0"
              x2="500"
              y1="74.5"
              y2="74.5"
            />
            <line
              stroke="#eaeaea"
              stroke-width="1"
              x1="0"
              x2="500"
              y1="57.5"
              y2="57.5"
            />
          </g>
          <g>
            <text
              alignment-baseline="baseline"
              font-family="Arial, Helvetica, sans-serif"
              font-size="11"
              text-anchor="start"
              x="0"
              y="298.5"
            >
              £0
            </text>
            <text
              alignment-baseline="baseline"
              font-family="Arial, Helvetica, sans-serif"
              font-size="11"
              text-anchor="start"
              x="0"
              y="211.5"
            >
              £20k
            </text>
            <text
              alignment-baseline="baseline"
              font-family="Arial, Helvetica, sans-serif"
              font-size="11"
              text-anchor="start"
              x="0"
              y="124.5"
            >
              £40k
            </text>
            <text
              alignment-baseline="baseline"
              font-family="Arial, Helvetica, sans-serif"
              font-size="11"
              text-anchor="start"
              x="0"
              y="38.5"
            >
              £60k
            </text>
          </g>
          <g>
            <line
              stroke="#eaeaea"
              stroke-width="0.5"
              x1="-8.5"
              x2="-8.5"
              y1="295"
              y2="0"
            />
            <line
              stroke="#999"
              stroke-width="0.5"
              x1="0.5"
              x2="0.5"
              y1="285"
              y2="0"
            />
            <line
              stroke="#eaeaea"
              stroke-width="0.5"
              x1="11.5"
              x2="11.5"
              y1="295"
              y2="0"
            />
            <line
              stroke="#eaeaea"
              stroke-width="0.5"
              x1="30.5"
              x2="30.5"
              y1="295"
              y2="0"
            />
            <line
              stroke="#eaeaea"
              stroke-width="0.5"
              x1="49.5"
              x2="49.5"
              y1="295"
              y2="0"
            />
            <line
              stroke="#eaeaea"
              stroke-width="0.5"
              x1="69.5"
              x2="69.5"
              y1="295"
              y2="0"
            />
            <line
              stroke="#999"
              stroke-width="0.5"
              x1="77.5"
              x2="77.5"
              y1="285"
              y2="0"
            />
            <line
              stroke="#eaeaea"
              stroke-width="0.5"
              x1="88.5"
              x2="88.5"
              y1="295"
              y2="0"
            />
            <line
              stroke="#eaeaea"
              stroke-width="0.5"
              x1="107.5"
              x2="107.5"
              y1="295"
              y2="0"
            />
            <line
              stroke="#eaeaea"
              stroke-width="0.5"
              x1="127.5"
              x2="127.5"
              y1="295"
              y2="0"
            />
            <line
              stroke="#eaeaea"
              stroke-width="0.5"
              x1="146.5"
              x2="146.5"
              y1="295"
              y2="0"
            />
            <line
              stroke="#999"
              stroke-width="0.5"
              x1="162.5"
              x2="162.5"
              y1="285"
              y2="0"
            />
            <line
              stroke="#eaeaea"
              stroke-width="0.5"
              x1="165.5"
              x2="165.5"
              y1="295"
              y2="0"
            />
            <line
              stroke="#eaeaea"
              stroke-width="0.5"
              x1="185.5"
              x2="185.5"
              y1="295"
              y2="0"
            />
            <line
              stroke="#eaeaea"
              stroke-width="0.5"
              x1="204.5"
              x2="204.5"
              y1="295"
              y2="0"
            />
            <line
              stroke="#eaeaea"
              stroke-width="0.5"
              x1="223.5"
              x2="223.5"
              y1="295"
              y2="0"
            />
            <line
              stroke="#eaeaea"
              stroke-width="0.5"
              x1="243.5"
              x2="243.5"
              y1="295"
              y2="0"
            />
            <line
              stroke="#999"
              stroke-width="0.5"
              x1="245.5"
              x2="245.5"
              y1="285"
              y2="0"
            />
            <line
              stroke="#eaeaea"
              stroke-width="0.5"
              x1="262.5"
              x2="262.5"
              y1="295"
              y2="0"
            />
            <line
              stroke="#eaeaea"
              stroke-width="0.5"
              x1="281.5"
              x2="281.5"
              y1="295"
              y2="0"
            />
            <line
              stroke="#eaeaea"
              stroke-width="0.5"
              x1="301.5"
              x2="301.5"
              y1="295"
              y2="0"
            />
            <line
              stroke="#eaeaea"
              stroke-width="0.5"
              x1="320.5"
              x2="320.5"
              y1="295"
              y2="0"
            />
            <line
              stroke="#999"
              stroke-width="0.5"
              x1="331.5"
              x2="331.5"
              y1="285"
              y2="0"
            />
            <line
              stroke="#eaeaea"
              stroke-width="0.5"
              x1="339.5"
              x2="339.5"
              y1="295"
              y2="0"
            />
            <line
              stroke="#eaeaea"
              stroke-width="0.5"
              x1="359.5"
              x2="359.5"
              y1="295"
              y2="0"
            />
            <line
              stroke="#eaeaea"
              stroke-width="0.5"
              x1="378.5"
              x2="378.5"
              y1="295"
              y2="0"
            />
            <line
              stroke="#eaeaea"
              stroke-width="0.5"
              x1="397.5"
              x2="397.5"
              y1="295"
              y2="0"
            />
            <line
              stroke="#999"
              stroke-width="0.5"
              x1="414.5"
              x2="414.5"
              y1="285"
              y2="0"
            />
            <line
              stroke="#eaeaea"
              stroke-width="0.5"
              x1="417.5"
              x2="417.5"
              y1="295"
              y2="0"
            />
            <line
              stroke="#eaeaea"
              stroke-width="0.5"
              x1="436.5"
              x2="436.5"
              y1="295"
              y2="0"
            />
            <line
              stroke="#eaeaea"
              stroke-width="0.5"
              x1="455.5"
              x2="455.5"
              y1="295"
              y2="0"
            />
            <line
              stroke="#eaeaea"
              stroke-width="0.5"
              x1="475.5"
              x2="475.5"
              y1="295"
              y2="0"
            />
            <line
              stroke="#eaeaea"
              stroke-width="0.5"
              x1="494.5"
              x2="494.5"
              y1="295"
              y2="0"
            />
            <line
              stroke="#999"
              stroke-width="0.5"
              x1="500.5"
              x2="500.5"
              y1="285"
              y2="0"
            />
          </g>
          <g>
            <line
              stroke="#000"
              stroke-width="1"
              x1="-8.5"
              x2="-8.5"
              y1="300"
              y2="295"
            />
            <line
              stroke="#333"
              stroke-width="1"
              x1="0.5"
              x2="0.5"
              y1="300"
              y2="285"
            />
            <line
              stroke="#000"
              stroke-width="1"
              x1="11.5"
              x2="11.5"
              y1="300"
              y2="295"
            />
            <line
              stroke="#000"
              stroke-width="1"
              x1="30.5"
              x2="30.5"
              y1="300"
              y2="295"
            />
            <line
              stroke="#000"
              stroke-width="1"
              x1="49.5"
              x2="49.5"
              y1="300"
              y2="295"
            />
            <line
              stroke="#000"
              stroke-width="1"
              x1="69.5"
              x2="69.5"
              y1="300"
              y2="295"
            />
            <line
              stroke="#333"
              stroke-width="1"
              x1="77.5"
              x2="77.5"
              y1="300"
              y2="285"
            />
            <line
              stroke="#000"
              stroke-width="1"
              x1="88.5"
              x2="88.5"
              y1="300"
              y2="295"
            />
            <line
              stroke="#000"
              stroke-width="1"
              x1="107.5"
              x2="107.5"
              y1="300"
              y2="295"
            />
            <line
              stroke="#000"
              stroke-width="1"
              x1="127.5"
              x2="127.5"
              y1="300"
              y2="295"
            />
            <line
              stroke="#000"
              stroke-width="1"
              x1="146.5"
              x2="146.5"
              y1="300"
              y2="295"
            />
            <line
              stroke="#333"
              stroke-width="1"
              x1="162.5"
              x2="162.5"
              y1="300"
              y2="285"
            />
            <line
              stroke="#000"
              stroke-width="1"
              x1="165.5"
              x2="165.5"
              y1="300"
              y2="295"
            />
            <line
              stroke="#000"
              stroke-width="1"
              x1="185.5"
              x2="185.5"
              y1="300"
              y2="295"
            />
            <line
              stroke="#000"
              stroke-width="1"
              x1="204.5"
              x2="204.5"
              y1="300"
              y2="295"
            />
            <line
              stroke="#000"
              stroke-width="1"
              x1="223.5"
              x2="223.5"
              y1="300"
              y2="295"
            />
            <line
              stroke="#000"
              stroke-width="1"
              x1="243.5"
              x2="243.5"
              y1="300"
              y2="295"
            />
            <line
              stroke="#333"
              stroke-width="1"
              x1="245.5"
              x2="245.5"
              y1="300"
              y2="285"
            />
            <line
              stroke="#000"
              stroke-width="1"
              x1="262.5"
              x2="262.5"
              y1="300"
              y2="295"
            />
            <line
              stroke="#000"
              stroke-width="1"
              x1="281.5"
              x2="281.5"
              y1="300"
              y2="295"
            />
            <line
              stroke="#000"
              stroke-width="1"
              x1="301.5"
              x2="301.5"
              y1="300"
              y2="295"
            />
            <line
              stroke="#000"
              stroke-width="1"
              x1="320.5"
              x2="320.5"
              y1="300"
              y2="295"
            />
            <line
              stroke="#333"
              stroke-width="1"
              x1="331.5"
              x2="331.5"
              y1="300"
              y2="285"
            />
            <line
              stroke="#000"
              stroke-width="1"
              x1="339.5"
              x2="339.5"
              y1="300"
              y2="295"
            />
            <line
              stroke="#000"
              stroke-width="1"
              x1="359.5"
              x2="359.5"
              y1="300"
              y2="295"
            />
            <line
              stroke="#000"
              stroke-width="1"
              x1="378.5"
              x2="378.5"
              y1="300"
              y2="295"
            />
            <line
              stroke="#000"
              stroke-width="1"
              x1="397.5"
              x2="397.5"
              y1="300"
              y2="295"
            />
            <line
              stroke="#333"
              stroke-width="1"
              x1="414.5"
              x2="414.5"
              y1="300"
              y2="285"
            />
            <line
              stroke="#000"
              stroke-width="1"
              x1="417.5"
              x2="417.5"
              y1="300"
              y2="295"
            />
            <line
              stroke="#000"
              stroke-width="1"
              x1="436.5"
              x2="436.5"
              y1="300"
              y2="295"
            />
            <line
              stroke="#000"
              stroke-width="1"
              x1="455.5"
              x2="455.5"
              y1="300"
              y2="295"
            />
            <line
              stroke="#000"
              stroke-width="1"
              x1="475.5"
              x2="475.5"
              y1="300"
              y2="295"
            />
            <line
              stroke="#000"
              stroke-width="1"
              x1="494.5"
              x2="494.5"
              y1="300"
              y2="295"
            />
            <line
              stroke="#333"
              stroke-width="1"
              x1="500.5"
              x2="500.5"
              y1="300"
              y2="285"
            />
          </g>
          <g>
            <text
              alignment-baseline="baseline"
              font-family="Arial, Helvetica, sans-serif"
              font-size="11"
              transform="rotate(-30 0.5 285)"
              x="0.5"
              y="285"
            >
              Feb
            </text>
            <text
              alignment-baseline="baseline"
              font-family="Arial, Helvetica, sans-serif"
              font-size="11"
              transform="rotate(-30 77.5 285)"
              x="77.5"
              y="285"
            >
              Mar
            </text>
            <text
              alignment-baseline="baseline"
              font-family="Arial, Helvetica, sans-serif"
              font-size="11"
              transform="rotate(-30 162.5 285)"
              x="162.5"
              y="285"
            >
              Apr
            </text>
            <text
              alignment-baseline="baseline"
              font-family="Arial, Helvetica, sans-serif"
              font-size="11"
              transform="rotate(-30 245.5 285)"
              x="245.5"
              y="285"
            >
              May
            </text>
            <text
              alignment-baseline="baseline"
              font-family="Arial, Helvetica, sans-serif"
              font-size="11"
              transform="rotate(-30 331.5 285)"
              x="331.5"
              y="285"
            >
              Jun
            </text>
            <text
              alignment-baseline="baseline"
              font-family="Arial, Helvetica, sans-serif"
              font-size="11"
              transform="rotate(-30 414.5 285)"
              x="414.5"
              y="285"
            >
              Jul
            </text>
            <text
              alignment-baseline="baseline"
              font-family="Arial, Helvetica, sans-serif"
              font-size="11"
              transform="rotate(-30 500.5 285)"
              x="500.5"
              y="285"
            >
              Aug
            </text>
          </g>
        </g>
        <g>
          <line
            stroke="#333"
            stroke-width="1"
            x1="113.5"
            x2="113.5"
            y1="300"
            y2="40"
          />
          <text
            color="#000"
            font-family="Arial, Helvetica, sans-serif"
            font-size="11"
            x="113.5"
            y="40"
          >
            Now
          </text>
        </g>
      </g>
      <g>
        <path
          d="M0,295.63291 Q45,211 77.3,198.4 C102,189 132,226 163.0,231.6 C191,237 217,231 245.9,231.1 C276,231 302,231 331.5,230.6 C360,230 385,230 414.4,230.1 Q444,230 500.0,229.7 L500.0,274.7 Q444,275 414.4,275.4 C385,276 360,276 331.5,276.1 C302,276 276,277 245.9,276.8 C217,277 191,281 163.0,277.5 C133,274 106,252 77.3,255.0 Q49,258 0.0,295.6"
          fill="rgba(180,214,169,0.3)"
          stroke="none"
          stroke-width="2"
        />
      </g>
      <g>
        <path
          d="M0,222.81124333333332 Q41,128 77.3,100.1 C99,84 133,99 163.0,97.6 C192,96 217,94 245.9,91.5 C276,89 302,88 331.5,85.4 C361,83 385,81 414.4,79.2 Q444,77 500.0,73.0 L500.0,229.2 Q444,229 414.4,229.7 C385,230 360,230 331.5,230.1 C302,230 276,230 245.9,230.6 C217,231 191,236 163.0,231.1 C132,225 102,188 77.3,197.9 Q45,211 0.0,295.6"
          fill="rgba(150,140,39,0.5)"
          stroke="none"
          stroke-width="2"
        />
      </g>
      <g>
        <path
          d="M0,295.63291 Q50,298 77.3,295.6 C107,293 133,285 163.0,282.7 C192,280 217,282 245.9,282.2 C276,282 302,282 331.5,281.7 C360,282 385,281 414.4,281.2 Q444,281 500.0,280.7 L500,300 L0,300"
          fill="rgba(84,110,122,0.4)"
          stroke="none"
          stroke-width="2"
        />
      </g>
      <g>
        <path
          d="M0.0,285.3 L77.3,285.3 L163.0,285.3 L245.9,285.0 L331.5,284.8 L414.4,284.5 L500.0,284.2"
          fill="none"
          stroke="rgba(84,110,122,0.5)"
          stroke-dasharray="3,5"
          stroke-width="1"
        />
      </g>
      <g>
        <path
          d="M0,295.63291 Q49,258 77.3,255.0 C106,252 133,274 163.0,277.5 C191,281 217,277 245.9,276.8 C276,277 302,276 331.5,276.1 C360,276 385,276 414.4,275.4 Q444,275 500.0,274.7 L500.0,280.7 Q444,281 414.4,281.2 C385,281 360,282 331.5,281.7 C302,282 276,282 245.9,282.2 C217,282 192,280 163.0,282.7 C133,285 107,293 77.3,295.6 Q50,298 0.0,295.6"
          fill="rgba(145,194,129,0.4)"
          stroke="none"
          stroke-width="2"
        />
      </g>
      <g>
        <path
          d="M0,227.17833333333334 Q42,129 77.3,104.9 C99,90 133,115 163.0,115.9"
          fill="none"
          stroke="#039"
          stroke-width="2"
        />
        <path
          d="M162.98342541436463,115.88325333333336 C192,117 217,112 245.9,109.8 C276,108 302,106 331.5,103.6 C361,101 385,100 414.4,97.4 Q444,95 500.0,91.2"
          fill="none"
          stroke="#808080"
          stroke-width="2"
        />
      </g>
      <g>
        <path
          d="M0,295.63291 Q45,211 77.3,197.9 C102,188 132,225 163.0,231.1 C191,236 217,231 245.9,230.6 C276,230 302,230 331.5,230.1 C360,230 385,230 414.4,229.7 Q444,229 500.0,229.2 L500.0,229.7 Q444,230 414.4,230.1 C385,230 360,230 331.5,230.6 C302,231 276,231 245.9,231.1 C217,231 191,237 163.0,231.6 C132,226 102,189 77.3,198.4 Q45,211 0.0,295.6"
          fill="rgba(47,123,211,0.5)"
          stroke="none"
          stroke-width="2"
        />
      </g>
      <g>
        <path
          d="M0,227.17833333333334 Q41,128 77.3,103.4 C99,89 133,113 163.0,114.0 C192,115 217,110 245.9,107.8 C276,106 302,104 331.5,101.5 C361,99 385,97 414.4,95.3 Q444,93 500.0,88.9"
          fill="none"
          stroke="#5aa8be"
          stroke-dasharray="3,5"
          stroke-width="1"
        />
      </g>
      <g>
        <rect
          fill="rgba(255,255,255,0.6)"
          height="80"
          width="180"
          x="45"
          y="8"
        />
        <text
          alignment-baseline="hanging"
          color="#000"
          font-family="Arial, Helvetica, sans-serif"
          font-size="16"
          x="65"
          y="10"
        >
          Net worth
        </text>
        <line
          stroke="#039"
          stroke-width="2"
          x1="50"
          x2="74"
          y1="40"
          y2="40"
        />
        <text
          alignment-baseline="middle"
          fill="#333"
          font-family="Arial, Helvetica, sans-serif"
          font-size="11"
          x="78"
          y="40"
        >
          Actual
        </text>
        <line
          stroke="#808080"
          stroke-width="2"
          x1="130"
          x2="154"
          y1="40"
          y2="40"
        />
        <text
          alignment-baseline="middle"
          fill="#333"
          font-family="Arial, Helvetica, sans-serif"
          font-size="11"
          x="158"
          y="40"
        >
          Predicted
        </text>
        <rect
          fill="rgba(150,140,39,0.5)"
          height="6"
          width="24"
          x="130"
          y="85"
        />
        <text
          alignment-baseline="middle"
          fill="#333"
          font-family="Arial, Helvetica, sans-serif"
          font-size="11"
          x="158"
          y="88"
        >
          Illiquid equity
        </text>
        <rect
          fill="rgba(84,110,122,0.5)"
          height="6"
          width="24"
          x="50"
          y="53"
        />
        <text
          alignment-baseline="middle"
          fill="#333"
          font-family="Arial, Helvetica, sans-serif"
          font-size="11"
          x="78"
          y="56"
        >
          Stocks
        </text>
        <rect
          fill="#b4d6a9"
          height="6"
          width="24"
          x="50"
          y="69"
        />
        <text
          alignment-baseline="middle"
          fill="#333"
          font-family="Arial, Helvetica, sans-serif"
          font-size="11"
          x="78"
          y="72"
        >
          Cash
        </text>
        <rect
          fill="#91c281"
          height="6"
          width="24"
          x="130"
          y="69"
        />
        <text
          alignment-baseline="middle"
          fill="#333"
          font-family="Arial, Helvetica, sans-serif"
          font-size="11"
          x="158"
          y="72"
        >
          Locked cash
        </text>
        <rect
          fill="rgba(47,123,211,0.5)"
          height="6"
          width="24"
          x="50"
          y="85"
        />
        <text
          alignment-baseline="middle"
          fill="#333"
          font-family="Arial, Helvetica, sans-serif"
          font-size="11"
          x="78"
          y="88"
        >
          Pension
        </text>
        <line
          stroke="#5aa8be"
          stroke-dasharray="3,4"
          stroke-width="2"
          x1="130"
          x2="154"
          y1="56.5"
          y2="56.5"
        />
        <text
          alignment-baseline="middle"
          fill="#333"
          font-family="Arial, Helvetica, sans-serif"
          font-size="11"
          x="158"
          y="56"
        >
          Options
        </text>
      </g>
    </svg>
    <button
      class="emotion-4 emotion-5"
    >
      <span
        class="emotion-6 emotion-7"
      />
    </button>
    <div
      class="emotion-8 emotion-9"
    >
      <div
        class="emotion-10 emotion-11"
      >
        <div
          class="emotion-12 emotion-13"
        >
          <div
            class="emotion-14 emotion-15"
          >
            <a
              class="emotion-16 emotion-17"
            />
            <span>
              Split
            </span>
          </div>
        </div>
      </div>
      <div
        class="emotion-10 emotion-11"
      >
        <div
          class="emotion-12 emotion-13"
        >
          <div
            class="emotion-14 emotion-15"
          >
            <a
              class="emotion-16 emotion-17"
            />
            <span>
              Show all
            </span>
          </div>
        </div>
      </div>
      <div
        class="emotion-10 emotion-11"
      >
        <div
          class="emotion-12 emotion-13"
        >
          <div
            class="emotion-14 emotion-15"
          >
            <a
              class="emotion-16 emotion-17"
            />
            <span>
              Long term
            </span>
          </div>
        </div>
      </div>
    </div>
  </div>
  <div
    class="emotion-2 emotion-3"
    height="300"
    width="500"
  >
    <svg
      data-testid="graph-svg"
      height="300"
      width="500"
    >
      <g>
        <g>
          <g>
            <line
              stroke="#999"
              stroke-width="1"
              x1="0"
              x2="500"
              y1="300.5"
              y2="300.5"
            />
            <line
              stroke="#999"
              stroke-width="1"
              x1="0"
              x2="500"
              y1="235.5"
              y2="235.5"
            />
            <line
              stroke="#999"
              stroke-width="1"
              x1="0"
              x2="500"
              y1="170.5"
              y2="170.5"
            />
            <line
              stroke="#999"
              stroke-width="1"
              x1="0"
              x2="500"
              y1="105.5"
              y2="105.5"
            />
            <line
              stroke="#999"
              stroke-width="1"
              x1="0"
              x2="500"
              y1="40.5"
              y2="40.5"
            />
          </g>
          <g>
            <line
              stroke="#eaeaea"
              stroke-width="1"
              x1="0"
              x2="500"
              y1="287.5"
              y2="287.5"
            />
            <line
              stroke="#eaeaea"
              stroke-width="1"
              x1="0"
              x2="500"
              y1="274.5"
              y2="274.5"
            />
            <line
              stroke="#eaeaea"
              stroke-width="1"
              x1="0"
              x2="500"
              y1="261.5"
              y2="261.5"
            />
            <line
              stroke="#eaeaea"
              stroke-width="1"
              x1="0"
              x2="500"
              y1="248.5"
              y2="248.5"
            />
            <line
              stroke="#eaeaea"
              stroke-width="1"
              x1="0"
              x2="500"
              y1="222.5"
              y2="222.5"
            />
            <line
              stroke="#eaeaea"
              stroke-width="1"
              x1="0"
              x2="500"
              y1="209.5"
              y2="209.5"
            />
            <line
              stroke="#eaeaea"
              stroke-width="1"
              x1="0"
              x2="500"
              y1="196.5"
              y2="196.5"
            />
            <line
              stroke="#eaeaea"
              stroke-width="1"
              x1="0"
              x2="500"
              y1="183.5"
              y2="183.5"
            />
            <line
              stroke="#eaeaea"
              stroke-width="1"
              x1="0"
              x2="500"
              y1="157.5"
              y2="157.5"
            />
            <line
              stroke="#eaeaea"
              stroke-width="1"
              x1="0"
              x2="500"
              y1="144.5"
              y2="144.5"
            />
            <line
              stroke="#eaeaea"
              stroke-width="1"
              x1="0"
              x2="500"
              y1="131.5"
              y2="131.5"
            />
            <line
              stroke="#eaeaea"
              stroke-width="1"
              x1="0"
              x2="500"
              y1="118.5"
              y2="118.5"
            />
            <line
              stroke="#eaeaea"
              stroke-width="1"
              x1="0"
              x2="500"
              y1="92.5"
              y2="92.5"
            />
            <line
              stroke="#eaeaea"
              stroke-width="1"
              x1="0"
              x2="500"
              y1="79.5"
              y2="79.5"
            />
            <line
              stroke="#eaeaea"
              stroke-width="1"
              x1="0"
              x2="500"
              y1="66.5"
              y2="66.5"
            />
            <line
              stroke="#eaeaea"
              stroke-width="1"
              x1="0"
              x2="500"
              y1="53.5"
              y2="53.5"
            />
          </g>
          <g>
            <text
              alignment-baseline="baseline"
              font-family="Arial, Helvetica, sans-serif"
              font-size="11"
              text-anchor="start"
              x="0"
              y="298.5"
            >
              £0
            </text>
            <text
              alignment-baseline="baseline"
              font-family="Arial, Helvetica, sans-serif"
              font-size="11"
              text-anchor="start"
              x="0"
              y="233.5"
            >
              £5
            </text>
            <text
              alignment-baseline="baseline"
              font-family="Arial, Helvetica, sans-serif"
              font-size="11"
              text-anchor="start"
              x="0"
              y="168.5"
            >
              £10
            </text>
            <text
              alignment-baseline="baseline"
              font-family="Arial, Helvetica, sans-serif"
              font-size="11"
              text-anchor="start"
              x="0"
              y="103.5"
            >
              £15
            </text>
            <text
              alignment-baseline="baseline"
              font-family="Arial, Helvetica, sans-serif"
              font-size="11"
              text-anchor="start"
              x="0"
              y="38.5"
            >
              £20
            </text>
          </g>
          <g>
            <text
              alignment-baseline="baseline"
              font-family="Arial, Helvetica, sans-serif"
              font-size="11"
              text-anchor="end"
              x="500"
              y="298.5"
            >
              0.00%
            </text>
            <text
              alignment-baseline="baseline"
              font-family="Arial, Helvetica, sans-serif"
              font-size="11"
              text-anchor="end"
              x="500"
              y="233.5"
            >
              25.00%
            </text>
            <text
              alignment-baseline="baseline"
              font-family="Arial, Helvetica, sans-serif"
              font-size="11"
              text-anchor="end"
              x="500"
              y="168.5"
            >
              50.00%
            </text>
            <text
              alignment-baseline="baseline"
              font-family="Arial, Helvetica, sans-serif"
              font-size="11"
              text-anchor="end"
              x="500"
              y="103.5"
            >
              75.00%
            </text>
            <text
              alignment-baseline="baseline"
              font-family="Arial, Helvetica, sans-serif"
              font-size="11"
              text-anchor="end"
              x="500"
              y="38.5"
            >
              100.00%
            </text>
          </g>
          <g>
            <line
              stroke="#eaeaea"
              stroke-width="0.5"
              x1="-8.5"
              x2="-8.5"
              y1="295"
              y2="0"
            />
            <line
              stroke="#999"
              stroke-width="0.5"
              x1="0.5"
              x2="0.5"
              y1="285"
              y2="0"
            />
            <line
              stroke="#eaeaea"
              stroke-width="0.5"
              x1="11.5"
              x2="11.5"
              y1="295"
              y2="0"
            />
            <line
              stroke="#eaeaea"
              stroke-width="0.5"
              x1="30.5"
              x2="30.5"
              y1="295"
              y2="0"
            />
            <line
              stroke="#eaeaea"
              stroke-width="0.5"
              x1="49.5"
              x2="49.5"
              y1="295"
              y2="0"
            />
            <line
              stroke="#eaeaea"
              stroke-width="0.5"
              x1="69.5"
              x2="69.5"
              y1="295"
              y2="0"
            />
            <line
              stroke="#999"
              stroke-width="0.5"
              x1="77.5"
              x2="77.5"
              y1="285"
              y2="0"
            />
            <line
              stroke="#eaeaea"
              stroke-width="0.5"
              x1="88.5"
              x2="88.5"
              y1="295"
              y2="0"
            />
            <line
              stroke="#eaeaea"
              stroke-width="0.5"
              x1="107.5"
              x2="107.5"
              y1="295"
              y2="0"
            />
            <line
              stroke="#eaeaea"
              stroke-width="0.5"
              x1="127.5"
              x2="127.5"
              y1="295"
              y2="0"
            />
            <line
              stroke="#eaeaea"
              stroke-width="0.5"
              x1="146.5"
              x2="146.5"
              y1="295"
              y2="0"
            />
            <line
              stroke="#999"
              stroke-width="0.5"
              x1="162.5"
              x2="162.5"
              y1="285"
              y2="0"
            />
            <line
              stroke="#eaeaea"
              stroke-width="0.5"
              x1="165.5"
              x2="165.5"
              y1="295"
              y2="0"
            />
            <line
              stroke="#eaeaea"
              stroke-width="0.5"
              x1="185.5"
              x2="185.5"
              y1="295"
              y2="0"
            />
            <line
              stroke="#eaeaea"
              stroke-width="0.5"
              x1="204.5"
              x2="204.5"
              y1="295"
              y2="0"
            />
            <line
              stroke="#eaeaea"
              stroke-width="0.5"
              x1="223.5"
              x2="223.5"
              y1="295"
              y2="0"
            />
            <line
              stroke="#eaeaea"
              stroke-width="0.5"
              x1="243.5"
              x2="243.5"
              y1="295"
              y2="0"
            />
            <line
              stroke="#999"
              stroke-width="0.5"
              x1="245.5"
              x2="245.5"
              y1="285"
              y2="0"
            />
            <line
              stroke="#eaeaea"
              stroke-width="0.5"
              x1="262.5"
              x2="262.5"
              y1="295"
              y2="0"
            />
            <line
              stroke="#eaeaea"
              stroke-width="0.5"
              x1="281.5"
              x2="281.5"
              y1="295"
              y2="0"
            />
            <line
              stroke="#eaeaea"
              stroke-width="0.5"
              x1="301.5"
              x2="301.5"
              y1="295"
              y2="0"
            />
            <line
              stroke="#eaeaea"
              stroke-width="0.5"
              x1="320.5"
              x2="320.5"
              y1="295"
              y2="0"
            />
            <line
              stroke="#999"
              stroke-width="0.5"
              x1="331.5"
              x2="331.5"
              y1="285"
              y2="0"
            />
            <line
              stroke="#eaeaea"
              stroke-width="0.5"
              x1="339.5"
              x2="339.5"
              y1="295"
              y2="0"
            />
            <line
              stroke="#eaeaea"
              stroke-width="0.5"
              x1="359.5"
              x2="359.5"
              y1="295"
              y2="0"
            />
            <line
              stroke="#eaeaea"
              stroke-width="0.5"
              x1="378.5"
              x2="378.5"
              y1="295"
              y2="0"
            />
            <line
              stroke="#eaeaea"
              stroke-width="0.5"
              x1="397.5"
              x2="397.5"
              y1="295"
              y2="0"
            />
            <line
              stroke="#999"
              stroke-width="0.5"
              x1="414.5"
              x2="414.5"
              y1="285"
              y2="0"
            />
            <line
              stroke="#eaeaea"
              stroke-width="0.5"
              x1="417.5"
              x2="417.5"
              y1="295"
              y2="0"
            />
            <line
              stroke="#eaeaea"
              stroke-width="0.5"
              x1="436.5"
              x2="436.5"
              y1="295"
              y2="0"
            />
            <line
              stroke="#eaeaea"
              stroke-width="0.5"
              x1="455.5"
              x2="455.5"
              y1="295"
              y2="0"
            />
            <line
              stroke="#eaeaea"
              stroke-width="0.5"
              x1="475.5"
              x2="475.5"
              y1="295"
              y2="0"
            />
            <line
              stroke="#eaeaea"
              stroke-width="0.5"
              x1="494.5"
              x2="494.5"
              y1="295"
              y2="0"
            />
            <line
              stroke="#999"
              stroke-width="0.5"
              x1="500.5"
              x2="500.5"
              y1="285"
              y2="0"
            />
          </g>
          <g>
            <line
              stroke="#000"
              stroke-width="1"
              x1="-8.5"
              x2="-8.5"
              y1="300"
              y2="295"
            />
            <line
              stroke="#333"
              stroke-width="1"
              x1="0.5"
              x2="0.5"
              y1="300"
              y2="285"
            />
            <line
              stroke="#000"
              stroke-width="1"
              x1="11.5"
              x2="11.5"
              y1="300"
              y2="295"
            />
            <line
              stroke="#000"
              stroke-width="1"
              x1="30.5"
              x2="30.5"
              y1="300"
              y2="295"
            />
            <line
              stroke="#000"
              stroke-width="1"
              x1="49.5"
              x2="49.5"
              y1="300"
              y2="295"
            />
            <line
              stroke="#000"
              stroke-width="1"
              x1="69.5"
              x2="69.5"
              y1="300"
              y2="295"
            />
            <line
              stroke="#333"
              stroke-width="1"
              x1="77.5"
              x2="77.5"
              y1="300"
              y2="285"
            />
            <line
              stroke="#000"
              stroke-width="1"
              x1="88.5"
              x2="88.5"
              y1="300"
              y2="295"
            />
            <line
              stroke="#000"
              stroke-width="1"
              x1="107.5"
              x2="107.5"
              y1="300"
              y2="295"
            />
            <line
              stroke="#000"
              stroke-width="1"
              x1="127.5"
              x2="127.5"
              y1="300"
              y2="295"
            />
            <line
              stroke="#000"
              stroke-width="1"
              x1="146.5"
              x2="146.5"
              y1="300"
              y2="295"
            />
            <line
              stroke="#333"
              stroke-width="1"
              x1="162.5"
              x2="162.5"
              y1="300"
              y2="285"
            />
            <line
              stroke="#000"
              stroke-width="1"
              x1="165.5"
              x2="165.5"
              y1="300"
              y2="295"
            />
            <line
              stroke="#000"
              stroke-width="1"
              x1="185.5"
              x2="185.5"
              y1="300"
              y2="295"
            />
            <line
              stroke="#000"
              stroke-width="1"
              x1="204.5"
              x2="204.5"
              y1="300"
              y2="295"
            />
            <line
              stroke="#000"
              stroke-width="1"
              x1="223.5"
              x2="223.5"
              y1="300"
              y2="295"
            />
            <line
              stroke="#000"
              stroke-width="1"
              x1="243.5"
              x2="243.5"
              y1="300"
              y2="295"
            />
            <line
              stroke="#333"
              stroke-width="1"
              x1="245.5"
              x2="245.5"
              y1="300"
              y2="285"
            />
            <line
              stroke="#000"
              stroke-width="1"
              x1="262.5"
              x2="262.5"
              y1="300"
              y2="295"
            />
            <line
              stroke="#000"
              stroke-width="1"
              x1="281.5"
              x2="281.5"
              y1="300"
              y2="295"
            />
            <line
              stroke="#000"
              stroke-width="1"
              x1="301.5"
              x2="301.5"
              y1="300"
              y2="295"
            />
            <line
              stroke="#000"
              stroke-width="1"
              x1="320.5"
              x2="320.5"
              y1="300"
              y2="295"
            />
            <line
              stroke="#333"
              stroke-width="1"
              x1="331.5"
              x2="331.5"
              y1="300"
              y2="285"
            />
            <line
              stroke="#000"
              stroke-width="1"
              x1="339.5"
              x2="339.5"
              y1="300"
              y2="295"
            />
            <line
              stroke="#000"
              stroke-width="1"
              x1="359.5"
              x2="359.5"
              y1="300"
              y2="295"
            />
            <line
              stroke="#000"
              stroke-width="1"
              x1="378.5"
              x2="378.5"
              y1="300"
              y2="295"
            />
            <line
              stroke="#000"
              stroke-width="1"
              x1="397.5"
              x2="397.5"
              y1="300"
              y2="295"
            />
            <line
              stroke="#333"
              stroke-width="1"
              x1="414.5"
              x2="414.5"
              y1="300"
              y2="285"
            />
            <line
              stroke="#000"
              stroke-width="1"
              x1="417.5"
              x2="417.5"
              y1="300"
              y2="295"
            />
            <line
              stroke="#000"
              stroke-width="1"
              x1="436.5"
              x2="436.5"
              y1="300"
              y2="295"
            />
            <line
              stroke="#000"
              stroke-width="1"
              x1="455.5"
              x2="455.5"
              y1="300"
              y2="295"
            />
            <line
              stroke="#000"
              stroke-width="1"
              x1="475.5"
              x2="475.5"
              y1="300"
              y2="295"
            />
            <line
              stroke="#000"
              stroke-width="1"
              x1="494.5"
              x2="494.5"
              y1="300"
              y2="295"
            />
            <line
              stroke="#333"
              stroke-width="1"
              x1="500.5"
              x2="500.5"
              y1="300"
              y2="285"
            />
          </g>
          <g>
            <text
              alignment-baseline="baseline"
              font-family="Arial, Helvetica, sans-serif"
              font-size="11"
              transform="rotate(-30 0.5 285)"
              x="0.5"
              y="285"
            >
              Feb
            </text>
            <text
              alignment-baseline="baseline"
              font-family="Arial, Helvetica, sans-serif"
              font-size="11"
              transform="rotate(-30 77.5 285)"
              x="77.5"
              y="285"
            >
              Mar
            </text>
            <text
              alignment-baseline="baseline"
              font-family="Arial, Helvetica, sans-serif"
              font-size="11"
              transform="rotate(-30 162.5 285)"
              x="162.5"
              y="285"
            >
              Apr
            </text>
            <text
              alignment-baseline="baseline"
              font-family="Arial, Helvetica, sans-serif"
              font-size="11"
              transform="rotate(-30 245.5 285)"
              x="245.5"
              y="285"
            >
              May
            </text>
            <text
              alignment-baseline="baseline"
              font-family="Arial, Helvetica, sans-serif"
              font-size="11"
              transform="rotate(-30 331.5 285)"
              x="331.5"
              y="285"
            >
              Jun
            </text>
            <text
              alignment-baseline="baseline"
              font-family="Arial, Helvetica, sans-serif"
              font-size="11"
              transform="rotate(-30 414.5 285)"
              x="414.5"
              y="285"
            >
              Jul
            </text>
            <text
              alignment-baseline="baseline"
              font-family="Arial, Helvetica, sans-serif"
              font-size="11"
              transform="rotate(-30 500.5 285)"
              x="500.5"
              y="285"
            >
              Aug
            </text>
          </g>
        </g>
        <g>
          <line
            stroke="#333"
            stroke-width="1"
            x1="113.5"
            x2="113.5"
            y1="300"
            y2="40"
          />
          <text
            color="#000"
            font-family="Arial, Helvetica, sans-serif"
            font-size="11"
            x="113.5"
            y="40"
          >
            Now
          </text>
        </g>
      </g>
      <g>
        <path
          d="M0,136.2 Q49,87 77.3,83.7 C106,81 132,109 163.0,118.0 C191,126 221,118 245.9,131.5 C280,150 298,188 331.5,208.2 C357,223 385,224 414.4,233.1 Q444,243 500.0,261.3"
          fill="none"
          stroke="#bf2424"
          stroke-width="2"
        />
      </g>
      <g>
        <path
          d="M0,40 Q50,40 77.3,40.0 C107,40 133,40 163.0,40.0 C192,40 217,40 245.9,40.0 C276,40 302,40 331.5,40.0 C360,40 385,40 414.4,40.0 Q444,40 500.0,40.0"
          fill="none"
          stroke="#546e7a"
          stroke-width="2"
        />
      </g>
      <g>
        <path
          d="M0,203.8 Q48,247 77.3,251.9 C105,257 133,237 163.0,231.7 C192,226 217,227 245.9,220.3 C276,213 301,202 331.5,193.5 C360,186 385,181 414.4,175.5 Q444,170 500.0,162.7"
          fill="none"
          stroke="#093"
          stroke-width="2"
        />
      </g>
      <g>
        <rect
          fill="rgba(255,255,255,0.6)"
          height="60"
          width="200"
          x="45"
          y="8"
        />
        <text
          alignment-baseline="hanging"
          color="#000"
          font-family="Arial, Helvetica, sans-serif"
          font-size="16"
          x="65"
          y="10"
        >
          Cash flow
        </text>
        <line
          stroke="#bf2424"
          stroke-width="2"
          x1="50"
          x2="74"
          y1="40"
          y2="40"
        />
        <text
          alignment-baseline="middle"
          fill="#333"
          font-family="Arial, Helvetica, sans-serif"
          font-size="11"
          x="78"
          y="40"
        >
          Spending (quarterly avg.)
        </text>
        <line
          stroke="#093"
          stroke-width="2"
          x1="50"
          x2="74"
          y1="58"
          y2="58"
        />
        <text
          alignment-baseline="middle"
          fill="#333"
          font-family="Arial, Helvetica, sans-serif"
          font-size="11"
          x="78"
          y="58"
        >
          Savings ratio (yearly avg.)
        </text>
        <line
          stroke="#546e7a"
          stroke-width="2"
          x1="50"
          x2="74"
          y1="76"
          y2="76"
        />
        <text
          alignment-baseline="middle"
          fill="#333"
          font-family="Arial, Helvetica, sans-serif"
          font-size="11"
          x="78"
          y="76"
        >
          Investment ratio
        </text>
      </g>
    </svg>
    <button
      class="emotion-4 emotion-5"
    >
      <span
        class="emotion-6 emotion-7"
      />
    </button>
    <div
      class="emotion-8 emotion-9"
    >
      <div
        class="emotion-10 emotion-11"
      >
        <div
          class="emotion-12 emotion-13"
        >
          <div
            class="emotion-14 emotion-15"
          >
            <a
              class="emotion-16 emotion-17"
            />
            <span>
              Cumulative
            </span>
          </div>
        </div>
      </div>
      <div
        class="emotion-10 emotion-11"
      >
        <div
          class="emotion-12 emotion-13"
        >
          <div
            class="emotion-14 emotion-15"
          >
            <a
              class="emotion-16 emotion-17"
            />
            <span>
              Show all
            </span>
          </div>
        </div>
      </div>
    </div>
  </div>
</div>
`;
