// Jest Snapshot v1, https://goo.gl/fbAQLP

exports[`Overview selectors (net worth) getNetWorthBreakdown should return blocks 1`] = `
Object {
  "box": Object {
    "flex": 1,
    "flow": "column",
  },
  "childIndex": 0,
  "items": Object {
    "blocks": Array [
      Object {
        "area": 10000,
        "childCount": 0,
        "color": "#39a31a",
        "flex": 1,
        "name": "Assets",
        "subTree": Object {
          "box": Object {
            "flex": 1,
            "flow": "column",
          },
          "childIndex": 0,
          "children": Object {
            "box": Object {
              "flex": 0.05859054507517783,
              "flow": "row",
            },
            "childIndex": 1,
            "children": Object {
              "box": Object {
                "flex": 0.007999369537972569,
                "flow": "column",
              },
              "childIndex": 2,
              "items": Object {
                "blocks": Array [
                  Object {
                    "area": 4.686874214875722,
                    "childCount": 2,
                    "flex": 1,
                    "name": "My wallet",
                    "subTree": undefined,
                    "total": 10455,
                  },
                ],
                "box": Object {
                  "flex": 0.99999999999997,
                  "flow": "column",
                },
              },
            },
            "items": Object {
              "blocks": Array [
                Object {
                  "area": 581.2185765369024,
                  "childCount": 1,
                  "flex": 1,
                  "name": "My bank",
                  "subTree": undefined,
                  "total": 1296523,
                },
              ],
              "box": Object {
                "flex": 0.9920006304620275,
                "flow": "row",
              },
            },
          },
          "items": Object {
            "blocks": Array [
              Object {
                "area": 9414.094549248222,
                "childCount": 0,
                "flex": 1,
                "name": "My house",
                "subTree": undefined,
                "total": 21000000,
              },
            ],
            "box": Object {
              "flex": 0.9414094549248222,
              "flow": "row",
            },
          },
        },
        "total": 22306978,
      },
    ],
    "box": Object {
      "flex": 1,
      "flow": "column",
    },
  },
}
`;
