// Jest Snapshot v1, https://goo.gl/fbAQLP

exports[`Overview selectors (net worth) getNetWorthBreakdown should return blocks 1`] = `
Object {
  "box": Object {
    "flex": 1,
    "flow": "column",
  },
  "childIndex": 0,
  "children": Object {
    "box": Object {
      "flex": 0.47916020783987895,
      "flow": "row",
    },
    "childIndex": 1,
    "items": Object {
      "blocks": Array [
        Object {
          "area": 4791.60207839879,
          "childCount": 1,
          "color": "#f5cacb",
          "flex": 1,
          "name": "Liabilities (£193k)",
          "subTree": Object {
            "box": Object {
              "flex": 1,
              "flow": "row",
            },
            "childIndex": 0,
            "items": Object {
              "blocks": Array [
                Object {
                  "area": 4791.60207839879,
                  "childCount": 0,
                  "color": "#fa0000",
                  "flex": 1,
                  "name": "Mortgage (£193k) [100.0%]",
                  "subTree": Object {
                    "box": Object {
                      "flex": 1,
                      "flow": "row",
                    },
                    "childIndex": 0,
                    "items": Object {
                      "blocks": Array [
                        Object {
                          "area": 4791.60207839879,
                          "childCount": 0,
                          "color": "rgba(255,255,255,0.05)",
                          "flex": 1,
                          "name": "My mortgage (£193k)",
                          "subTree": undefined,
                          "text": <span>
                            My mortgage
                             - 
                            2
                          </span>,
                          "total": 19319500,
                        },
                      ],
                      "box": Object {
                        "flex": 1,
                        "flow": "row",
                      },
                    },
                  },
                  "text": <span>
                    Mortgage
                     - 
                    1
                  </span>,
                  "total": 19319500,
                },
              ],
              "box": Object {
                "flex": 1,
                "flow": "row",
              },
            },
          },
          "text": <span>
            Liabilities
             - 
            0
          </span>,
          "total": 19319500,
        },
      ],
      "box": Object {
        "flex": 1,
        "flow": "row",
      },
    },
  },
  "items": Object {
    "blocks": Array [
      Object {
        "area": 5208.39792160121,
        "childCount": 0,
        "color": "#d8e9d3",
        "flex": 1,
        "name": "Assets (£210k)",
        "subTree": Object {
          "box": Object {
            "flex": 1,
            "flow": "row",
          },
          "childIndex": 0,
          "items": Object {
            "blocks": Array [
              Object {
                "area": 5208.397921601209,
                "childCount": 0,
                "color": "#00fa00",
                "flex": 1,
                "name": "House (£210k) [100.0%]",
                "subTree": Object {
                  "box": Object {
                    "flex": 1,
                    "flow": "row",
                  },
                  "childIndex": 0,
                  "items": Object {
                    "blocks": Array [
                      Object {
                        "area": 5208.397921601209,
                        "childCount": 0,
                        "color": "rgba(255,255,255,0.075)",
                        "flex": 1,
                        "name": "My house (£210k)",
                        "subTree": undefined,
                        "text": <span>
                          My house
                           - 
                          2
                        </span>,
                        "total": 21000000,
                      },
                    ],
                    "box": Object {
                      "flex": 1,
                      "flow": "row",
                    },
                  },
                },
                "text": <span>
                  House
                   - 
                  1
                </span>,
                "total": 21000000,
              },
            ],
            "box": Object {
              "flex": 1,
              "flow": "row",
            },
          },
        },
        "text": <span>
          Assets
           - 
          0
        </span>,
        "total": 21000000,
      },
    ],
    "box": Object {
      "flex": 0.520839792160121,
      "flow": "row",
    },
  },
}
`;
